#
# A fatal error has been detected by the Java Runtime Environment:
#
#  SIGSEGV (0xb) at pc=0x000000010eacac3a, pid=17212, tid=25859
#
# JRE version: OpenJDK Runtime Environment Corretto-17.0.12.7.1 (17.0.12+7) (build 17.0.12+7-LTS)
# Java VM: OpenJDK 64-Bit Server VM Corretto-17.0.12.7.1 (17.0.12+7-LTS, mixed mode, sharing, tiered, compressed oops, compressed class ptrs, g1 gc, bsd-amd64)
# Problematic frame:
# V  [libjvm.dylib+0x891c3a]  _ZN4Node17disconnect_inputsEP7Compile+0xda
#
# No core dump will be written. Core dumps have been disabled. To enable core dumping, try "ulimit -c unlimited" before starting Java again
#
# If you would like to submit a bug report, please visit:
#   https://github.com/corretto/corretto-17/issues/
#

---------------  S U M M A R Y ------------

Command Line: -javaagent:/Applications/IntelliJ IDEA CE.app/Contents/lib/idea_rt.jar=62547:/Applications/IntelliJ IDEA CE.app/Contents/bin -Dfile.encoding=UTF-8 com.fonctionpublique.AttestationApplication

Host: "MacBookPro11,4" x86_64 2200 MHz, 8 cores, 16G, Darwin 21.6.0, macOS 12.7.6 (21H1320)
Time: Wed Jul 16 15:55:17 2025 GMT elapsed time: 10.467932 seconds (0d 0h 0m 10s)

---------------  T H R E A D  ---------------

Current thread (0x00007fd45a822200):  JavaThread "C2 CompilerThread1" daemon [_thread_in_native, id=25859, stack(0x0000700006719000,0x0000700006819000)]


Current CompileTask:
C2:  10468 7445   !   4       java.lang.reflect.Field::declaredAnnotations (82 bytes)

Stack: [0x0000700006719000,0x0000700006819000],  sp=0x0000700006815680,  free space=1009k
Native frames: (J=compiled Java code, j=interpreted, Vv=VM code, C=native code)
V  [libjvm.dylib+0x891c3a]  _ZN4Node17disconnect_inputsEP7Compile+0xda
V  [libjvm.dylib+0x8f6789]  _ZN12PhaseChaitin20yank_if_dead_recurseEP4NodeS1_P5BlockP9Node_ListS5_+0xf9
V  [libjvm.dylib+0x8f9362]  _ZN12PhaseChaitin26post_allocate_copy_removalEv+0x1522
V  [libjvm.dylib+0x2b028d]  _ZN12PhaseChaitin17Register_AllocateEv+0x99d
V  [libjvm.dylib+0x32e42b]  _ZN7Compile8Code_GenEv+0x39b
V  [libjvm.dylib+0x32b709]  _ZN7CompileC2EP5ciEnvP8ciMethodibbbbbP12DirectiveSet+0xfb9
V  [libjvm.dylib+0x28fa4f]  _ZN10C2Compiler14compile_methodEP5ciEnvP8ciMethodibP12DirectiveSet+0xdf
V  [libjvm.dylib+0x33e7da]  _ZN13CompileBroker25invoke_compiler_on_methodEP11CompileTask+0x62a
V  [libjvm.dylib+0x33df9f]  _ZN13CompileBroker20compiler_thread_loopEv+0x43f
V  [libjvm.dylib+0xaa1410]  _ZN10JavaThread17thread_main_innerEv+0x150
V  [libjvm.dylib+0xa9f767]  _ZN6Thread8call_runEv+0xa7
V  [libjvm.dylib+0x8b4758]  _ZL19thread_native_entryP6Thread+0x148
C  [libsystem_pthread.dylib+0x64e1]  _pthread_start+0x7d
C  [libsystem_pthread.dylib+0x1f6b]  thread_start+0xf


siginfo: si_signo: 11 (SIGSEGV), si_code: 0 (unknown), si_addr: 0x0000000000000000

Registers:
RAX=0x0000000000000002, RBX=0x0010000000000000, RCX=0x0000000000000002, RDX=0x00007fd45fad2c28
RSP=0x0000700006815680, RBP=0x00007000068156a0, RSI=0x00007fd45fad2c90, RDI=0x00007fd45fad2c28
R8 =0x0000000000000002, R9 =0x0000000000000002, R10=0x0000000000000002, R11=0x0000000000000002
R12=0x00007fd4593f8348, R13=0x0000000000000002, R14=0x0000700006818098, R15=0x0000700006817208
RIP=0x000000010eacac3a, EFLAGS=0x0000000000010206, ERR=0x0000000000000000
  TRAPNO=0x000000000000000d


Register to memory mapping:

RAX=0x0000000000000002 is an unknown value
RBX=0x0010000000000000 is an unknown value
RCX=0x0000000000000002 is an unknown value
RDX=0x00007fd45fad2c28 points into unknown readable memory: 0x000000010ee9e338 | 38 e3 e9 0e 01 00 00 00
RSP=0x0000700006815680 is pointing into the stack for thread: 0x00007fd45a822200
RBP=0x00007000068156a0 is pointing into the stack for thread: 0x00007fd45a822200
RSI=0x00007fd45fad2c90 points into unknown readable memory: 0x0000000000000000 | 00 00 00 00 00 00 00 00
RDI=0x00007fd45fad2c28 points into unknown readable memory: 0x000000010ee9e338 | 38 e3 e9 0e 01 00 00 00
R8 =0x0000000000000002 is an unknown value
R9 =0x0000000000000002 is an unknown value
R10=0x0000000000000002 is an unknown value
R11=0x0000000000000002 is an unknown value
R12=0x00007fd4593f8348 points into unknown readable memory: 0x000000010ef0fc90 | 90 fc f0 0e 01 00 00 00
R13=0x0000000000000002 is an unknown value
R14=0x0000700006818098 is pointing into the stack for thread: 0x00007fd45a822200
R15=0x0000700006817208 is pointing into the stack for thread: 0x00007fd45a822200


Top of Stack: (sp=0x0000700006815680)
0x0000700006815680:   0000000000000002 00007fd45fad2c28
0x0000700006815690:   0000000000000001 0000700006817208
0x00007000068156a0:   00007000068156f0 000000010eb2f789
0x00007000068156b0:   00007fd45fad2c28 00007fd45f8eabd0
0x00007000068156c0:   00007fd45f8ec0c0 00007fd45f8eabd0
0x00007000068156d0:   00007fd4593f8348 00007fd45fad2c28
0x00007000068156e0:   00007fd4597c1000 0000000000000002
0x00007000068156f0:   0000700006815890 000000010eb32362
0x0000700006815700:   000000000ffffcff 0000000000000000
0x0000700006815710:   0000000000000000 0000000000000000
0x0000700006815720:   0000700006815700 000000010e72c83b
0x0000700006815730:   000000010ee2f301 0000000000000000
0x0000700006815740:   0000000000000000 0000000000000000
0x0000700006815750:   000000010ee2f301 00007fd45ed98700
0x0000700006815760:   00003c5900000000 00000000ffffffff
0x0000700006815770:   0000000000000000 00007fd45f02db20
0x0000700006815780:   0000000000000000 00000000000002c0
0x0000700006815790:   0000700006815890 000000010e4eb335
0x00007000068157a0:   00007fd45ecf0290 0000000000000000
0x00007000068157b0:   0000000000000000 0000000400000000
0x00007000068157c0:   00007fd4597c2030 00007fd4597c8fe8
0x00007000068157d0:   00006000004dc0f0 00000000002574e8
0x00007000068157e0:   0000000000000000 00007fd4597c4e70
0x00007000068157f0:   0000000000000004 00007fd45fad2c28
0x0000700006815800:   00007fd4597c2030 0000002000000000
0x0000700006815810:   00007fd45ac2e7d0 0000000000000000
0x0000700006815820:   000000000000028e 00007fd4593f8348
0x0000700006815830:   00000000000001ca 0000000000000277
0x0000700006815840:   000000000000001d 00007fd4597c1000
0x0000700006815850:   00007fd45f8eabd0 0000700006817208
0x0000700006815860:   00007fd45f8ec0c0 00007fd458b816a0
0x0000700006815870:   00007fd458b816b0 0000700006817208 

Instructions: (pc=0x000000010eacac3a)
0x000000010eacab3a:   8b 55 d0 48 8b 4d c8 e8 2a 2d 06 00 41 83 c4 01
0x000000010eacab4a:   eb d4 44 89 e0 48 83 c4 18 5b 41 5c 41 5d 41 5e
0x000000010eacab5a:   41 5f 5d c3 66 90 55 48 89 e5 41 57 41 56 53 50
0x000000010eacab6a:   49 89 f6 44 8b 47 18 45 85 c0 74 67 31 c0 eb 1e
0x000000010eacab7a:   66 0f 1f 44 00 00 48 c7 04 c1 00 00 00 00 44 8b
0x000000010eacab8a:   47 18 48 83 c0 01 44 89 c1 48 39 c8 73 48 48 8b
0x000000010eacab9a:   4f 08 48 8b 34 c1 48 85 f6 74 e7 4c 8b 4e 10 4d
0x000000010eacabaa:   85 c9 74 d2 44 8b 46 20 4b 8d 14 c1 66 2e 0f 1f
0x000000010eacabba:   84 00 00 00 00 00 48 89 d3 48 83 c2 f8 48 39 7b
0x000000010eacabca:   f8 75 f3 41 8d 58 ff 89 5e 20 49 8b 34 d9 48 89
0x000000010eacabda:   32 eb a3 45 31 c0 44 8b 4f 1c 45 39 c1 0f 86 cc
0x000000010eacabea:   00 00 00 45 8d 51 ff eb 33 66 2e 0f 1f 84 00 00
0x000000010eacabfa:   00 00 00 0f 1f 00 4d 89 c8 31 c0 4a 89 04 ce 48
0x000000010eacac0a:   8b 47 08 4a c7 04 c0 00 00 00 00 44 8b 47 18 41
0x000000010eacac1a:   83 c2 ff 45 39 c1 0f 86 93 00 00 00 45 89 d2 41
0x000000010eacac2a:   83 c1 ff 48 8b 77 08 4a 8b 1c ce 48 85 db 74 df
0x000000010eacac3a:   48 8b 4b 10 48 85 c9 74 2b 8b 53 20 48 8d 04 d1
0x000000010eacac4a:   66 0f 1f 44 00 00 48 89 c6 48 83 c0 f8 48 39 7e
0x000000010eacac5a:   f8 75 f3 83 c2 ff 89 53 20 48 8b 0c d1 48 89 08
0x000000010eacac6a:   48 8b 77 08 8b 47 1c 83 c0 ff 44 39 c8 76 87 4a
0x000000010eacac7a:   8b 5c ce 08 48 85 db 74 29 41 89 c0 49 8d 50 ff
0x000000010eacac8a:   4c 89 d1 0f 1f 00 48 89 d8 48 39 ca 0f 84 69 ff
0x000000010eacac9a:   ff ff 48 8b 5c ce 10 48 83 c1 01 48 85 db 75 e6
0x000000010eacacaa:   eb 05 4c 89 c9 31 c0 41 89 c8 e9 4c ff ff ff 44
0x000000010eacacba:   8b 7f 28 4c 89 fb 48 c1 eb 05 41 3b 9e 48 02 00
0x000000010eacacca:   00 72 0e 49 8d be 48 02 00 00 89 de e8 35 2f 26
0x000000010eacacda:   00 49 8b 86 50 02 00 00 8b 0c 98 89 ca 44 0f ab
0x000000010eacacea:   fa 89 14 98 44 0f a3 f9 72 08 41 83 86 68 02 00
0x000000010eacacfa:   00 01 48 83 c4 08 5b 41 5e 41 5f 5d c3 66 0f 1f
0x000000010eacad0a:   84 00 00 00 00 00 55 48 89 e5 4c 8b 57 08 41 89
0x000000010eacad1a:   f0 4b 8b 14 c2 48 85 d2 0f 84 8f 00 00 00 4c 8b
0x000000010eacad2a:   5a 10 4d 85 db 74 2e 44 8b 4a 20 4b 8d 04 cb 0f 


Stack slot to memory mapping:
stack at sp + 0 slots: 0x0000000000000002 is an unknown value
stack at sp + 1 slots: 0x00007fd45fad2c28 points into unknown readable memory: 0x000000010ee9e338 | 38 e3 e9 0e 01 00 00 00
stack at sp + 2 slots: 0x0000000000000001 is an unknown value
stack at sp + 3 slots: 0x0000700006817208 is pointing into the stack for thread: 0x00007fd45a822200
stack at sp + 4 slots: 0x00007000068156f0 is pointing into the stack for thread: 0x00007fd45a822200
stack at sp + 5 slots: 0x000000010eb2f789: _ZN12PhaseChaitin20yank_if_dead_recurseEP4NodeS1_P5BlockP9Node_ListS5_+0xf9 in /Users/7maksacodpc/Library/Java/JavaVirtualMachines/corretto-17.0.12/Contents/Home/lib/server/libjvm.dylib at 0x000000010e239000
stack at sp + 6 slots: 0x00007fd45fad2c28 points into unknown readable memory: 0x000000010ee9e338 | 38 e3 e9 0e 01 00 00 00
stack at sp + 7 slots: 0x00007fd45f8eabd0 points into unknown readable memory: 0x00006000004dc0f0 | f0 c0 4d 00 00 60 00 00


---------------  P R O C E S S  ---------------

Threads class SMR info:
_java_thread_list=0x0000600000db2540, length=33, elements={
0x00007fd45982f400, 0x00007fd45b008200, 0x00007fd4580c5000, 0x00007fd459835e00,
0x00007fd459018e00, 0x00007fd45d80a400, 0x00007fd45a00be00, 0x00007fd45d812a00,
0x00007fd45a00c400, 0x00007fd45a822200, 0x00007fd459018800, 0x00007fd45818bc00,
0x00007fd459a13800, 0x00007fd4593e1800, 0x00007fd459a13e00, 0x00007fd4593e4200,
0x00007fd45837fa00, 0x00007fd459c7d800, 0x00007fd4593e2600, 0x00007fd45ab36600,
0x00007fd45affbe00, 0x00007fd459bf4a00, 0x00007fd45a0eba00, 0x00007fd45c962600,
0x00007fd45ab51e00, 0x00007fd458766000, 0x00007fd45da07800, 0x00007fd45832fa00,
0x00007fd458722e00, 0x00007fd458722600, 0x00007fd45919f400, 0x00007fd4597ff800,
0x00007fd45a811600
}

Java Threads: ( => current thread )
  0x00007fd45982f400 JavaThread "Reference Handler" daemon [_thread_blocked, id=15363, stack(0x0000700005cf8000,0x0000700005df8000)]
  0x00007fd45b008200 JavaThread "Finalizer" daemon [_thread_blocked, id=15107, stack(0x0000700005dfb000,0x0000700005efb000)]
  0x00007fd4580c5000 JavaThread "Signal Dispatcher" daemon [_thread_blocked, id=23299, stack(0x0000700006004000,0x0000700006104000)]
  0x00007fd459835e00 JavaThread "Service Thread" daemon [_thread_blocked, id=23555, stack(0x0000700006107000,0x0000700006207000)]
  0x00007fd459018e00 JavaThread "Monitor Deflation Thread" daemon [_thread_blocked, id=24067, stack(0x000070000620a000,0x000070000630a000)]
  0x00007fd45d80a400 JavaThread "C2 CompilerThread0" daemon [_thread_blocked, id=24579, stack(0x000070000630d000,0x000070000640d000)]
  0x00007fd45a00be00 JavaThread "C1 CompilerThread0" daemon [_thread_blocked, id=25091, stack(0x0000700006410000,0x0000700006510000)]
  0x00007fd45d812a00 JavaThread "Sweeper thread" daemon [_thread_blocked, id=42499, stack(0x0000700006513000,0x0000700006613000)]
  0x00007fd45a00c400 JavaThread "Common-Cleaner" daemon [_thread_blocked, id=41987, stack(0x0000700006616000,0x0000700006716000)]
=>0x00007fd45a822200 JavaThread "C2 CompilerThread1" daemon [_thread_in_native, id=25859, stack(0x0000700006719000,0x0000700006819000)]
  0x00007fd459018800 JavaThread "Monitor Ctrl-Break" daemon [_thread_in_native, id=41475, stack(0x000070000681c000,0x000070000691c000)]
  0x00007fd45818bc00 JavaThread "Notification Thread" daemon [_thread_blocked, id=40963, stack(0x000070000691f000,0x0000700006a1f000)]
  0x00007fd459a13800 JavaThread "mysql-cj-abandoned-connection-cleanup" daemon [_thread_blocked, id=37635, stack(0x0000700007646000,0x0000700007746000)]
  0x00007fd4593e1800 JavaThread "HikariPool-1 housekeeper" daemon [_thread_blocked, id=30211, stack(0x0000700007749000,0x0000700007849000)]
  0x00007fd459a13e00 JavaThread "HikariPool-1 connection adder" daemon [_thread_blocked, id=30723, stack(0x000070000784c000,0x000070000794c000)]
  0x00007fd4593e4200 JavaThread "Catalina-utility-1" [_thread_blocked, id=43015, stack(0x000070000794f000,0x0000700007a4f000)]
  0x00007fd45837fa00 JavaThread "Catalina-utility-2" [_thread_blocked, id=31491, stack(0x0000700007a52000,0x0000700007b52000)]
  0x00007fd459c7d800 JavaThread "container-0" [_thread_blocked, id=37123, stack(0x0000700007b55000,0x0000700007c55000)]
  0x00007fd4593e2600 JavaThread "File Watcher" daemon [_thread_blocked, id=36611, stack(0x0000700007c58000,0x0000700007d58000)]
  0x00007fd45ab36600 JavaThread "Live Reload Server" daemon [_thread_in_native, id=36359, stack(0x0000700007d5b000,0x0000700007e5b000)]
  0x00007fd45affbe00 JavaThread "http-nio-8080-exec-1" daemon [_thread_blocked, id=32003, stack(0x0000700007e5e000,0x0000700007f5e000)]
  0x00007fd459bf4a00 JavaThread "http-nio-8080-exec-2" daemon [_thread_blocked, id=35587, stack(0x0000700007f61000,0x0000700008061000)]
  0x00007fd45a0eba00 JavaThread "http-nio-8080-exec-3" daemon [_thread_blocked, id=32515, stack(0x0000700008064000,0x0000700008164000)]
  0x00007fd45c962600 JavaThread "http-nio-8080-exec-4" daemon [_thread_blocked, id=32771, stack(0x0000700008167000,0x0000700008267000)]
  0x00007fd45ab51e00 JavaThread "http-nio-8080-exec-5" daemon [_thread_blocked, id=33027, stack(0x000070000826a000,0x000070000836a000)]
  0x00007fd458766000 JavaThread "http-nio-8080-exec-6" daemon [_thread_blocked, id=33539, stack(0x000070000836d000,0x000070000846d000)]
  0x00007fd45da07800 JavaThread "http-nio-8080-exec-7" daemon [_thread_blocked, id=34819, stack(0x0000700008470000,0x0000700008570000)]
  0x00007fd45832fa00 JavaThread "http-nio-8080-exec-8" daemon [_thread_blocked, id=34307, stack(0x0000700008573000,0x0000700008673000)]
  0x00007fd458722e00 JavaThread "http-nio-8080-exec-9" daemon [_thread_blocked, id=43523, stack(0x0000700008676000,0x0000700008776000)]
  0x00007fd458722600 JavaThread "http-nio-8080-exec-10" daemon [_thread_blocked, id=44035, stack(0x0000700008779000,0x0000700008879000)]
  0x00007fd45919f400 JavaThread "http-nio-8080-Poller" daemon [_thread_in_native, id=87043, stack(0x000070000887c000,0x000070000897c000)]
  0x00007fd4597ff800 JavaThread "http-nio-8080-Acceptor" daemon [_thread_in_native, id=86787, stack(0x000070000897f000,0x0000700008a7f000)]
  0x00007fd45a811600 JavaThread "DestroyJavaVM" [_thread_blocked, id=6403, stack(0x00007000055e3000,0x00007000056e3000)]

Other Threads:
  0x00007fd457f053d0 VMThread "VM Thread" [stack: 0x0000700005bf5000,0x0000700005cf5000] [id=13571]
  0x00007fd458a10860 WatcherThread [stack: 0x0000700006a22000,0x0000700006b22000] [id=26371]
  0x00007fd458b077a0 GCTaskThread "GC Thread#0" [stack: 0x00007000056e6000,0x00007000057e6000] [id=19715]
  0x00007fd458915910 GCTaskThread "GC Thread#1" [stack: 0x0000700006b25000,0x0000700006c25000] [id=40707]
  0x00007fd458b122a0 GCTaskThread "GC Thread#2" [stack: 0x0000700006c28000,0x0000700006d28000] [id=40451]
  0x00007fd458915d90 GCTaskThread "GC Thread#3" [stack: 0x0000700006d2b000,0x0000700006e2b000] [id=40195]
  0x00007fd458916210 GCTaskThread "GC Thread#4" [stack: 0x0000700006e2e000,0x0000700006f2e000] [id=27395]
  0x00007fd45d00ace0 GCTaskThread "GC Thread#5" [stack: 0x0000700006f31000,0x0000700007031000] [id=27907]
  0x00007fd458a1f160 GCTaskThread "GC Thread#6" [stack: 0x000070000733d000,0x000070000743d000] [id=38915]
  0x00007fd458a1f760 GCTaskThread "GC Thread#7" [stack: 0x0000700007440000,0x0000700007540000] [id=29187]
  0x00007fd458a04890 ConcurrentGCThread "G1 Main Marker" [stack: 0x00007000057e9000,0x00007000058e9000] [id=19459]
  0x00007fd458a05120 ConcurrentGCThread "G1 Conc#0" [stack: 0x00007000058ec000,0x00007000059ec000] [id=18435]
  0x00007fd458a2dc60 ConcurrentGCThread "G1 Conc#1" [stack: 0x000070000723a000,0x000070000733a000] [id=29447]
  0x00007fd458a07810 ConcurrentGCThread "G1 Refine#0" [stack: 0x00007000059ef000,0x0000700005aef000] [id=17667]
  0x00007fd458c2a3e0 ConcurrentGCThread "G1 Refine#1" [stack: 0x0000700007543000,0x0000700007643000] [id=39175]
  0x00007fd458a080b0 ConcurrentGCThread "G1 Service" [stack: 0x0000700005af2000,0x0000700005bf2000] [id=17155]

Threads with active compile tasks:
C2 CompilerThread1    10486 7445   !   4       java.lang.reflect.Field::declaredAnnotations (82 bytes)

VM state: not at safepoint (normal execution)

VM Mutex/Monitor currently owned by a thread: None

Heap address: 0x0000000700000000, size: 4096 MB, Compressed Oops mode: Zero based, Oop shift amount: 3

CDS archive(s) mapped at: [0x0000000132000000-0x0000000132bbc000-0x0000000132bbc000), size 12304384, SharedBaseAddress: 0x0000000132000000, ArchiveRelocationMode: 1.
Compressed class space mapped at: 0x0000000133000000-0x0000000173000000, reserved size: 1073741824
Narrow klass base: 0x0000000132000000, Narrow klass shift: 0, Narrow klass range: 0x100000000

GC Precious Log:
 CPUs: 8 total, 8 available
 Memory: 16384M
 Large Page Support: Disabled
 NUMA Support: Disabled
 Compressed Oops: Enabled (Zero based)
 Heap Region Size: 2M
 Heap Min Capacity: 8M
 Heap Initial Capacity: 256M
 Heap Max Capacity: 4G
 Pre-touch: Disabled
 Parallel Workers: 8
 Concurrent Workers: 2
 Concurrent Refinement Workers: 8
 Periodic GC: Disabled

Heap:
 garbage-first heap   total 122880K, used 50083K [0x0000000700000000, 0x0000000800000000)
  region size 2048K, 6 young (12288K), 4 survivors (8192K)
 Metaspace       used 86882K, committed 87552K, reserved 1179648K
  class space    used 12032K, committed 12352K, reserved 1048576K

Heap Regions: E=young(eden), S=young(survivor), O=old, HS=humongous(starts), HC=humongous(continues), CS=collection set, F=free, OA=open archive, CA=closed archive, TAMS=top-at-mark-start (previous, next)
|   0|0x0000000700000000, 0x0000000700200000, 0x0000000700200000|100%| O|  |TAMS 0x0000000700200000, 0x0000000700000000| Untracked 
|   1|0x0000000700200000, 0x0000000700400000, 0x0000000700400000|100%| O|  |TAMS 0x0000000700400000, 0x0000000700200000| Untracked 
|   2|0x0000000700400000, 0x0000000700600000, 0x0000000700600000|100%| O|  |TAMS 0x0000000700600000, 0x0000000700400000| Untracked 
|   3|0x0000000700600000, 0x0000000700800000, 0x0000000700800000|100%| O|  |TAMS 0x0000000700800000, 0x0000000700600000| Untracked 
|   4|0x0000000700800000, 0x0000000700a00000, 0x0000000700a00000|100%| O|  |TAMS 0x0000000700a00000, 0x0000000700800000| Untracked 
|   5|0x0000000700a00000, 0x0000000700c00000, 0x0000000700c00000|100%| O|  |TAMS 0x0000000700c00000, 0x0000000700a00000| Untracked 
|   6|0x0000000700c00000, 0x0000000700e00000, 0x0000000700e00000|100%| O|  |TAMS 0x0000000700e00000, 0x0000000700c00000| Untracked 
|   7|0x0000000700e00000, 0x0000000701000000, 0x0000000701000000|100%| O|  |TAMS 0x0000000701000000, 0x0000000700e00000| Untracked 
|   8|0x0000000701000000, 0x0000000701200000, 0x0000000701200000|100%| O|  |TAMS 0x0000000701200000, 0x0000000701000000| Untracked 
|   9|0x0000000701200000, 0x0000000701400000, 0x0000000701400000|100%| O|  |TAMS 0x0000000701200000, 0x0000000701200000| Untracked 
|  10|0x0000000701400000, 0x0000000701600000, 0x0000000701600000|100%| O|  |TAMS 0x0000000701600000, 0x0000000701400000| Untracked 
|  11|0x0000000701600000, 0x0000000701800000, 0x0000000701800000|100%| O|  |TAMS 0x0000000701800000, 0x0000000701600000| Untracked 
|  12|0x0000000701800000, 0x00000007018f8800, 0x0000000701a00000| 48%| O|  |TAMS 0x00000007018f8800, 0x0000000701800000| Untracked 
|  13|0x0000000701a00000, 0x0000000701c00000, 0x0000000701c00000|100%| O|  |TAMS 0x0000000701a00000, 0x0000000701a00000| Untracked 
|  14|0x0000000701c00000, 0x0000000701e00000, 0x0000000701e00000|100%| O|  |TAMS 0x0000000701c00000, 0x0000000701c00000| Untracked 
|  15|0x0000000701e00000, 0x0000000702000000, 0x0000000702000000|100%| O|  |TAMS 0x0000000701e00000, 0x0000000701e00000| Untracked 
|  16|0x0000000702000000, 0x0000000702200000, 0x0000000702200000|100%| O|  |TAMS 0x0000000702000000, 0x0000000702000000| Untracked 
|  17|0x0000000702200000, 0x0000000702400000, 0x0000000702400000|100%| O|  |TAMS 0x0000000702200000, 0x0000000702200000| Untracked 
|  18|0x0000000702400000, 0x0000000702600000, 0x0000000702600000|100%| O|  |TAMS 0x0000000702400000, 0x0000000702400000| Untracked 
|  19|0x0000000702600000, 0x0000000702671c00, 0x0000000702800000| 22%| O|  |TAMS 0x0000000702600000, 0x0000000702600000| Untracked 
|  20|0x0000000702800000, 0x0000000702800000, 0x0000000702a00000|  0%| F|  |TAMS 0x0000000702800000, 0x0000000702800000| Untracked 
|  21|0x0000000702a00000, 0x0000000702a00000, 0x0000000702c00000|  0%| F|  |TAMS 0x0000000702a00000, 0x0000000702a00000| Untracked 
|  22|0x0000000702c00000, 0x0000000702c00000, 0x0000000702e00000|  0%| F|  |TAMS 0x0000000702c00000, 0x0000000702c00000| Untracked 
|  23|0x0000000702e00000, 0x0000000702e00000, 0x0000000703000000|  0%| F|  |TAMS 0x0000000702e00000, 0x0000000702e00000| Untracked 
|  24|0x0000000703000000, 0x0000000703000000, 0x0000000703200000|  0%| F|  |TAMS 0x0000000703000000, 0x0000000703000000| Untracked 
|  25|0x0000000703200000, 0x0000000703396a80, 0x0000000703400000| 79%| S|CS|TAMS 0x0000000703200000, 0x0000000703200000| Complete 
|  26|0x0000000703400000, 0x0000000703400000, 0x0000000703600000|  0%| F|  |TAMS 0x0000000703400000, 0x0000000703400000| Untracked 
|  27|0x0000000703600000, 0x0000000703600000, 0x0000000703800000|  0%| F|  |TAMS 0x0000000703600000, 0x0000000703600000| Untracked 
|  28|0x0000000703800000, 0x0000000703a00000, 0x0000000703a00000|100%| S|CS|TAMS 0x0000000703800000, 0x0000000703800000| Complete 
|  29|0x0000000703a00000, 0x0000000703c00000, 0x0000000703c00000|100%| S|CS|TAMS 0x0000000703a00000, 0x0000000703a00000| Complete 
|  30|0x0000000703c00000, 0x0000000703c00000, 0x0000000703e00000|  0%| F|  |TAMS 0x0000000703c00000, 0x0000000703c00000| Untracked 
|  31|0x0000000703e00000, 0x0000000703e00000, 0x0000000704000000|  0%| F|  |TAMS 0x0000000703e00000, 0x0000000703e00000| Untracked 
|  32|0x0000000704000000, 0x0000000704200000, 0x0000000704200000|100%| S|CS|TAMS 0x0000000704000000, 0x0000000704000000| Complete 
|  33|0x0000000704200000, 0x0000000704200000, 0x0000000704400000|  0%| F|  |TAMS 0x0000000704200000, 0x0000000704200000| Untracked 
|  34|0x0000000704400000, 0x0000000704400000, 0x0000000704600000|  0%| F|  |TAMS 0x0000000704400000, 0x0000000704400000| Untracked 
|  35|0x0000000704600000, 0x0000000704600000, 0x0000000704800000|  0%| F|  |TAMS 0x0000000704600000, 0x0000000704600000| Untracked 
|  36|0x0000000704800000, 0x0000000704800000, 0x0000000704a00000|  0%| F|  |TAMS 0x0000000704800000, 0x0000000704800000| Untracked 
|  37|0x0000000704a00000, 0x0000000704a00000, 0x0000000704c00000|  0%| F|  |TAMS 0x0000000704a00000, 0x0000000704a00000| Untracked 
|  38|0x0000000704c00000, 0x0000000704c00000, 0x0000000704e00000|  0%| F|  |TAMS 0x0000000704c00000, 0x0000000704c00000| Untracked 
|  39|0x0000000704e00000, 0x0000000704e00000, 0x0000000705000000|  0%| F|  |TAMS 0x0000000704e00000, 0x0000000704e00000| Untracked 
|  40|0x0000000705000000, 0x0000000705000000, 0x0000000705200000|  0%| F|  |TAMS 0x0000000705000000, 0x0000000705000000| Untracked 
|  41|0x0000000705200000, 0x0000000705200000, 0x0000000705400000|  0%| F|  |TAMS 0x0000000705200000, 0x0000000705200000| Untracked 
|  42|0x0000000705400000, 0x0000000705400000, 0x0000000705600000|  0%| F|  |TAMS 0x0000000705400000, 0x0000000705400000| Untracked 
|  43|0x0000000705600000, 0x0000000705600000, 0x0000000705800000|  0%| F|  |TAMS 0x0000000705600000, 0x0000000705600000| Untracked 
|  44|0x0000000705800000, 0x0000000705800000, 0x0000000705a00000|  0%| F|  |TAMS 0x0000000705800000, 0x0000000705800000| Untracked 
|  45|0x0000000705a00000, 0x0000000705a00000, 0x0000000705c00000|  0%| F|  |TAMS 0x0000000705a00000, 0x0000000705a00000| Untracked 
|  46|0x0000000705c00000, 0x0000000705c00000, 0x0000000705e00000|  0%| F|  |TAMS 0x0000000705c00000, 0x0000000705c00000| Untracked 
|  47|0x0000000705e00000, 0x0000000705e00000, 0x0000000706000000|  0%| F|  |TAMS 0x0000000705e00000, 0x0000000705e00000| Untracked 
|  48|0x0000000706000000, 0x0000000706000000, 0x0000000706200000|  0%| F|  |TAMS 0x0000000706000000, 0x0000000706000000| Untracked 
|  49|0x0000000706200000, 0x0000000706200000, 0x0000000706400000|  0%| F|  |TAMS 0x0000000706200000, 0x0000000706200000| Untracked 
|  50|0x0000000706400000, 0x0000000706400000, 0x0000000706600000|  0%| F|  |TAMS 0x0000000706400000, 0x0000000706400000| Untracked 
|  51|0x0000000706600000, 0x0000000706600000, 0x0000000706800000|  0%| F|  |TAMS 0x0000000706600000, 0x0000000706600000| Untracked 
|  52|0x0000000706800000, 0x0000000706800000, 0x0000000706a00000|  0%| F|  |TAMS 0x0000000706800000, 0x0000000706800000| Untracked 
|  53|0x0000000706a00000, 0x0000000706a00000, 0x0000000706c00000|  0%| F|  |TAMS 0x0000000706a00000, 0x0000000706a00000| Untracked 
|  54|0x0000000706c00000, 0x0000000706c00000, 0x0000000706e00000|  0%| F|  |TAMS 0x0000000706c00000, 0x0000000706c00000| Untracked 
|  55|0x0000000706e00000, 0x0000000706e00000, 0x0000000707000000|  0%| F|  |TAMS 0x0000000706e00000, 0x0000000706e00000| Untracked 
|  56|0x0000000707000000, 0x00000007071b0298, 0x0000000707200000| 84%| E|  |TAMS 0x0000000707000000, 0x0000000707000000| Complete 
| 127|0x000000070fe00000, 0x0000000710000000, 0x0000000710000000|100%| E|CS|TAMS 0x000000070fe00000, 0x000000070fe00000| Complete 
|2046|0x00000007ffc00000, 0x00000007ffd74000, 0x00000007ffe00000| 72%|OA|  |TAMS 0x00000007ffd74000, 0x00000007ffc00000| Untracked 
|2047|0x00000007ffe00000, 0x00000007ffe74000, 0x0000000800000000| 22%|CA|  |TAMS 0x00000007ffe74000, 0x00000007ffe00000| Untracked 

Card table byte_map: [0x000000010f3b9000,0x000000010fbb9000] _byte_map_base: 0x000000010bbb9000

Marking Bits (Prev, Next): (CMBitMap*) 0x00007fd458012e50, (CMBitMap*) 0x00007fd458012e10
 Prev Bits: [0x000000012b22e000, 0x000000012f22e000)
 Next Bits: [0x000000012722e000, 0x000000012b22e000)

Polling page: 0x000000010d116000

Metaspace:

Usage:
  Non-class:     73.10 MB used.
      Class:     11.75 MB used.
       Both:     84.85 MB used.

Virtual space:
  Non-class space:      128.00 MB reserved,      73.44 MB ( 57%) committed,  2 nodes.
      Class space:        1.00 GB reserved,      12.06 MB (  1%) committed,  1 nodes.
             Both:        1.12 GB reserved,      85.50 MB (  7%) committed. 

Chunk freelists:
   Non-Class:  6.30 MB
       Class:  3.89 MB
        Both:  10.19 MB

MaxMetaspaceSize: unlimited
CompressedClassSpaceSize: 1.00 GB
Initial GC threshold: 21.00 MB
Current GC threshold: 99.19 MB
CDS: on
MetaspaceReclaimPolicy: balanced
 - commit_granule_bytes: 65536.
 - commit_granule_words: 8192.
 - virtual_space_node_default_size: 8388608.
 - enlarge_chunks_in_place: 1.
 - new_chunks_are_fully_committed: 0.
 - uncommit_free_chunks: 1.
 - use_allocation_guard: 0.
 - handle_deallocations: 1.


Internal statistics:

num_allocs_failed_limit: 9.
num_arena_births: 902.
num_arena_deaths: 0.
num_vsnodes_births: 3.
num_vsnodes_deaths: 0.
num_space_committed: 1368.
num_space_uncommitted: 0.
num_chunks_returned_to_freelist: 9.
num_chunks_taken_from_freelist: 4130.
num_chunk_merges: 9.
num_chunk_splits: 2922.
num_chunks_enlarged: 2205.
num_inconsistent_stats: 0.

CodeHeap 'non-profiled nmethods': size=120028Kb used=4586Kb max_used=5045Kb free=115441Kb
 bounds [0x000000011f4f7000, 0x000000011f9e7000, 0x0000000126a2e000]
CodeHeap 'profiled nmethods': size=120028Kb used=14697Kb max_used=16625Kb free=105330Kb
 bounds [0x0000000117a2e000, 0x0000000118a6e000, 0x000000011ef65000]
CodeHeap 'non-nmethods': size=5704Kb used=1381Kb max_used=1450Kb free=4322Kb
 bounds [0x000000011ef65000, 0x000000011f1d5000, 0x000000011f4f7000]
 total_blobs=9049 nmethods=8330 adapters=631
 compilation: enabled
              stopped_count=0, restarted_count=0
 full_count=0

Compilation events (20 events):
Event: 10.240 Thread 0x00007fd45d80a400 8043       4       org.springframework.data.repository.core.support.MethodLookups$$Lambda$1339/0x00000001339922b0::test (6 bytes)
Event: 10.240 Thread 0x00007fd45d80a400 nmethod 8043 0x000000011f67a710 code [0x000000011f67a8a0, 0x000000011f67a948]
Event: 10.240 Thread 0x00007fd45d80a400 8695       4       org.springframework.core.BridgeMethodResolver$$Lambda$583/0x0000000133403620::doWith (11 bytes)
Event: 10.240 Thread 0x00007fd45d80a400 nmethod 8695 0x000000011f67a210 code [0x000000011f67a3a0, 0x000000011f67a438]
Event: 10.240 Thread 0x00007fd45d80a400 8122       4       org.antlr.v4.runtime.atn.ArrayPredictionContext::getParent (7 bytes)
Event: 10.240 Thread 0x00007fd45d80a400 nmethod 8122 0x000000011f616110 code [0x000000011f6162a0, 0x000000011f616358]
Event: 10.240 Thread 0x00007fd45d80a400 8232       4       org.antlr.v4.runtime.tree.AbstractParseTreeVisitor::visit (8 bytes)
Event: 10.241 Thread 0x00007fd45d80a400 nmethod 8232 0x000000011f615e10 code [0x000000011f615fa0, 0x000000011f616038]
Event: 10.241 Thread 0x00007fd45d80a400 9651       4       org.springframework.core.annotation.MissingMergedAnnotation::withNonMergedAttributes (2 bytes)
Event: 10.241 Thread 0x00007fd45d80a400 nmethod 9651 0x000000011f615b10 code [0x000000011f615c80, 0x000000011f615cf8]
Event: 10.241 Thread 0x00007fd45d80a400 9715       4       org.springframework.beans.factory.config.BeanPostProcessor::postProcessAfterInitialization (2 bytes)
Event: 10.241 Thread 0x00007fd45d80a400 nmethod 9715 0x000000011f615590 code [0x000000011f615700, 0x000000011f615778]
Event: 10.241 Thread 0x00007fd45d80a400 8298       4       org.springframework.data.jpa.repository.query.HqlParser::getATN (4 bytes)
Event: 10.241 Thread 0x00007fd45d80a400 nmethod 8298 0x000000011f73e910 code [0x000000011f73eaa0, 0x000000011f73eb18]
Event: 10.241 Thread 0x00007fd45d80a400 8249       4       org.antlr.v4.runtime.atn.ArrayPredictionContext::size (6 bytes)
Event: 10.241 Thread 0x00007fd45d80a400 nmethod 8249 0x000000011f73e610 code [0x000000011f73e7a0, 0x000000011f73e838]
Event: 10.241 Thread 0x00007fd45d80a400 9823       4       org.springframework.beans.factory.config.BeanPostProcessor::postProcessBeforeInitialization (2 bytes)
Event: 10.241 Thread 0x00007fd45d80a400 nmethod 9823 0x000000011f73e310 code [0x000000011f73e480, 0x000000011f73e4f8]
Event: 10.241 Thread 0x00007fd45d80a400 9586       4       org.springframework.web.servlet.mvc.condition.AbstractRequestCondition::hashCode (10 bytes)
Event: 10.242 Thread 0x00007fd45d80a400 nmethod 9586 0x000000011f73e010 code [0x000000011f73e1a0, 0x000000011f73e258]

GC Heap History (20 events):
Event: 4.609 GC heap before
{Heap before GC invocations=10 (full 0):
 garbage-first heap   total 75776K, used 53587K [0x0000000700000000, 0x0000000800000000)
  region size 2048K, 15 young (30720K), 1 survivors (2048K)
 Metaspace       used 41848K, committed 42304K, reserved 1114112K
  class space    used 5666K, committed 5888K, reserved 1048576K
}
Event: 4.612 GC heap after
{Heap after GC invocations=11 (full 0):
 garbage-first heap   total 75776K, used 26167K [0x0000000700000000, 0x0000000800000000)
  region size 2048K, 2 young (4096K), 2 survivors (4096K)
 Metaspace       used 41848K, committed 42304K, reserved 1114112K
  class space    used 5666K, committed 5888K, reserved 1048576K
}
Event: 4.645 GC heap before
{Heap before GC invocations=11 (full 0):
 garbage-first heap   total 75776K, used 28215K [0x0000000700000000, 0x0000000800000000)
  region size 2048K, 3 young (6144K), 2 survivors (4096K)
 Metaspace       used 42342K, committed 42816K, reserved 1114112K
  class space    used 5739K, committed 5952K, reserved 1048576K
}
Event: 4.649 GC heap after
{Heap after GC invocations=12 (full 0):
 garbage-first heap   total 75776K, used 25939K [0x0000000700000000, 0x0000000800000000)
  region size 2048K, 1 young (2048K), 1 survivors (2048K)
 Metaspace       used 42342K, committed 42816K, reserved 1114112K
  class space    used 5739K, committed 5952K, reserved 1048576K
}
Event: 5.263 GC heap before
{Heap before GC invocations=12 (full 0):
 garbage-first heap   total 75776K, used 54611K [0x0000000700000000, 0x0000000800000000)
  region size 2048K, 15 young (30720K), 1 survivors (2048K)
 Metaspace       used 53077K, committed 53632K, reserved 1114112K
  class space    used 7086K, committed 7360K, reserved 1048576K
}
Event: 5.266 GC heap after
{Heap after GC invocations=13 (full 0):
 garbage-first heap   total 145408K, used 28430K [0x0000000700000000, 0x0000000800000000)
  region size 2048K, 2 young (4096K), 2 survivors (4096K)
 Metaspace       used 53077K, committed 53632K, reserved 1114112K
  class space    used 7086K, committed 7360K, reserved 1048576K
}
Event: 5.802 GC heap before
{Heap before GC invocations=13 (full 0):
 garbage-first heap   total 145408K, used 59150K [0x0000000700000000, 0x0000000800000000)
  region size 2048K, 18 young (36864K), 2 survivors (4096K)
 Metaspace       used 60130K, committed 60608K, reserved 1114112K
  class space    used 8074K, committed 8320K, reserved 1048576K
}
Event: 5.806 GC heap after
{Heap after GC invocations=14 (full 0):
 garbage-first heap   total 145408K, used 30163K [0x0000000700000000, 0x0000000800000000)
  region size 2048K, 3 young (6144K), 3 survivors (6144K)
 Metaspace       used 60130K, committed 60608K, reserved 1114112K
  class space    used 8074K, committed 8320K, reserved 1048576K
}
Event: 6.960 GC heap before
{Heap before GC invocations=15 (full 0):
 garbage-first heap   total 122880K, used 97747K [0x0000000700000000, 0x0000000800000000)
  region size 2048K, 36 young (73728K), 3 survivors (6144K)
 Metaspace       used 69688K, committed 70272K, reserved 1114112K
  class space    used 9520K, committed 9792K, reserved 1048576K
}
Event: 6.966 GC heap after
{Heap after GC invocations=16 (full 0):
 garbage-first heap   total 122880K, used 33646K [0x0000000700000000, 0x0000000800000000)
  region size 2048K, 4 young (8192K), 4 survivors (8192K)
 Metaspace       used 69688K, committed 70272K, reserved 1114112K
  class space    used 9520K, committed 9792K, reserved 1048576K
}
Event: 7.593 GC heap before
{Heap before GC invocations=16 (full 0):
 garbage-first heap   total 122880K, used 93038K [0x0000000700000000, 0x0000000800000000)
  region size 2048K, 33 young (67584K), 4 survivors (8192K)
 Metaspace       used 75944K, committed 76544K, reserved 1179648K
  class space    used 10611K, committed 10944K, reserved 1048576K
}
Event: 7.602 GC heap after
{Heap after GC invocations=17 (full 0):
 garbage-first heap   total 122880K, used 38113K [0x0000000700000000, 0x0000000800000000)
  region size 2048K, 5 young (10240K), 5 survivors (10240K)
 Metaspace       used 75944K, committed 76544K, reserved 1179648K
  class space    used 10611K, committed 10944K, reserved 1048576K
}
Event: 7.838 GC heap before
{Heap before GC invocations=17 (full 0):
 garbage-first heap   total 122880K, used 91361K [0x0000000700000000, 0x0000000800000000)
  region size 2048K, 31 young (63488K), 5 survivors (10240K)
 Metaspace       used 76141K, committed 76736K, reserved 1179648K
  class space    used 10644K, committed 10944K, reserved 1048576K
}
Event: 7.845 GC heap after
{Heap after GC invocations=18 (full 0):
 garbage-first heap   total 122880K, used 40911K [0x0000000700000000, 0x0000000800000000)
  region size 2048K, 2 young (4096K), 2 survivors (4096K)
 Metaspace       used 76141K, committed 76736K, reserved 1179648K
  class space    used 10644K, committed 10944K, reserved 1048576K
}
Event: 8.197 GC heap before
{Heap before GC invocations=18 (full 0):
 garbage-first heap   total 122880K, used 94159K [0x0000000700000000, 0x0000000800000000)
  region size 2048K, 28 young (57344K), 2 survivors (4096K)
 Metaspace       used 78752K, committed 79360K, reserved 1179648K
  class space    used 10977K, committed 11264K, reserved 1048576K
}
Event: 8.200 GC heap after
{Heap after GC invocations=19 (full 0):
 garbage-first heap   total 122880K, used 40706K [0x0000000700000000, 0x0000000800000000)
  region size 2048K, 2 young (4096K), 2 survivors (4096K)
 Metaspace       used 78752K, committed 79360K, reserved 1179648K
  class space    used 10977K, committed 11264K, reserved 1048576K
}
Event: 8.979 GC heap before
{Heap before GC invocations=19 (full 0):
 garbage-first heap   total 122880K, used 93954K [0x0000000700000000, 0x0000000800000000)
  region size 2048K, 28 young (57344K), 2 survivors (4096K)
 Metaspace       used 83508K, committed 84096K, reserved 1179648K
  class space    used 11567K, committed 11840K, reserved 1048576K
}
Event: 8.985 GC heap after
{Heap after GC invocations=20 (full 0):
 garbage-first heap   total 122880K, used 44288K [0x0000000700000000, 0x0000000800000000)
  region size 2048K, 4 young (8192K), 4 survivors (8192K)
 Metaspace       used 83508K, committed 84096K, reserved 1179648K
  class space    used 11567K, committed 11840K, reserved 1048576K
}
Event: 9.582 GC heap before
{Heap before GC invocations=20 (full 0):
 garbage-first heap   total 122880K, used 95488K [0x0000000700000000, 0x0000000800000000)
  region size 2048K, 29 young (59392K), 4 survivors (8192K)
 Metaspace       used 86654K, committed 87232K, reserved 1179648K
  class space    used 11996K, committed 12288K, reserved 1048576K
}
Event: 9.591 GC heap after
{Heap after GC invocations=21 (full 0):
 garbage-first heap   total 122880K, used 48035K [0x0000000700000000, 0x0000000800000000)
  region size 2048K, 4 young (8192K), 4 survivors (8192K)
 Metaspace       used 86654K, committed 87232K, reserved 1179648K
  class space    used 11996K, committed 12288K, reserved 1048576K
}

Dll operation events (20 events):
Event: 3.590 Loading shared library /System/Library/Java/Extensions/libtcnative-1.jnilib failed, dlopen(/System/Library/Java/Extensions/libtcnative-1.jnilib, 0x0001): tried: '/System/Library/Java/Extensions/libtcnative-1.jnilib' (no such file)
Event: 3.590 Loading shared library /usr/lib/java/libtcnative-1.dylib failed, dlopen(/usr/lib/java/libtcnative-1.dylib, 0x0001): tried: '/usr/lib/java/libtcnative-1.dylib' (no such file)
Event: 3.590 Loading shared library /usr/lib/java/libtcnative-1.jnilib failed, dlopen(/usr/lib/java/libtcnative-1.jnilib, 0x0001): tried: '/usr/lib/java/libtcnative-1.jnilib' (no such file)
Event: 3.590 Loading shared library /Users/7maksacodpc/Desktop/Projet/avant swagger/backendattestation/libtcnative-1.dylib failed, dlopen(/Users/7maksacodpc/Desktop/Projet/avant swagger/backendattestation/libtcnative-1.dylib, 0x0001): tried: '/Users/7maksacodpc/Deskto
Event: 3.591 Loading shared library /Users/7maksacodpc/Desktop/Projet/avant swagger/backendattestation/libtcnative-1.jnilib failed, dlopen(/Users/7maksacodpc/Desktop/Projet/avant swagger/backendattestation/libtcnative-1.jnilib, 0x0001): tried: '/Users/7maksacodpc/Desk
Event: 3.591 Loading shared library /Users/7maksacodpc/Library/Java/JavaVirtualMachines/corretto-17.0.12/Contents/Home/lib/liblibtcnative-1.dylib failed, dlopen(/Users/7maksacodpc/Library/Java/JavaVirtualMachines/corretto-17.0.12/Contents/Home/lib/liblibtcnative-1.dyl
Event: 3.591 Loading shared library /Users/7maksacodpc/Library/Java/JavaVirtualMachines/corretto-17.0.12/Contents/Home/lib/liblibtcnative-1.jnilib failed, dlopen(/Users/7maksacodpc/Library/Java/JavaVirtualMachines/corretto-17.0.12/Contents/Home/lib/liblibtcnative-1.jn
Event: 3.591 Loading shared library /Users/7maksacodpc/Library/Java/Extensions/liblibtcnative-1.dylib failed, dlopen(/Users/7maksacodpc/Library/Java/Extensions/liblibtcnative-1.dylib, 0x0001): tried: '/Users/7maksacodpc/Library/Java/Extensions/liblibtcnative-1.dylib' 
Event: 3.591 Loading shared library /Users/7maksacodpc/Library/Java/Extensions/liblibtcnative-1.jnilib failed, dlopen(/Users/7maksacodpc/Library/Java/Extensions/liblibtcnative-1.jnilib, 0x0001): tried: '/Users/7maksacodpc/Library/Java/Extensions/liblibtcnative-1.jnili
Event: 3.591 Loading shared library /Library/Java/Extensions/liblibtcnative-1.dylib failed, dlopen(/Library/Java/Extensions/liblibtcnative-1.dylib, 0x0001): tried: '/Library/Java/Extensions/liblibtcnative-1.dylib' (no such file)
Event: 3.592 Loading shared library /Library/Java/Extensions/liblibtcnative-1.jnilib failed, dlopen(/Library/Java/Extensions/liblibtcnative-1.jnilib, 0x0001): tried: '/Library/Java/Extensions/liblibtcnative-1.jnilib' (no such file)
Event: 3.592 Loading shared library /Network/Library/Java/Extensions/liblibtcnative-1.dylib failed, dlopen(/Network/Library/Java/Extensions/liblibtcnative-1.dylib, 0x0001): tried: '/Network/Library/Java/Extensions/liblibtcnative-1.dylib' (no such file)
Event: 3.592 Loading shared library /Network/Library/Java/Extensions/liblibtcnative-1.jnilib failed, dlopen(/Network/Library/Java/Extensions/liblibtcnative-1.jnilib, 0x0001): tried: '/Network/Library/Java/Extensions/liblibtcnative-1.jnilib' (no such file)
Event: 3.592 Loading shared library /System/Library/Java/Extensions/liblibtcnative-1.dylib failed, dlopen(/System/Library/Java/Extensions/liblibtcnative-1.dylib, 0x0001): tried: '/System/Library/Java/Extensions/liblibtcnative-1.dylib' (no such file)
Event: 3.592 Loading shared library /System/Library/Java/Extensions/liblibtcnative-1.jnilib failed, dlopen(/System/Library/Java/Extensions/liblibtcnative-1.jnilib, 0x0001): tried: '/System/Library/Java/Extensions/liblibtcnative-1.jnilib' (no such file)
Event: 3.592 Loading shared library /usr/lib/java/liblibtcnative-1.dylib failed, dlopen(/usr/lib/java/liblibtcnative-1.dylib, 0x0001): tried: '/usr/lib/java/liblibtcnative-1.dylib' (no such file)
Event: 3.592 Loading shared library /usr/lib/java/liblibtcnative-1.jnilib failed, dlopen(/usr/lib/java/liblibtcnative-1.jnilib, 0x0001): tried: '/usr/lib/java/liblibtcnative-1.jnilib' (no such file)
Event: 3.592 Loading shared library /Users/7maksacodpc/Desktop/Projet/avant swagger/backendattestation/liblibtcnative-1.dylib failed, dlopen(/Users/7maksacodpc/Desktop/Projet/avant swagger/backendattestation/liblibtcnative-1.dylib, 0x0001): tried: '/Users/7maksacodpc/
Event: 3.593 Loading shared library /Users/7maksacodpc/Desktop/Projet/avant swagger/backendattestation/liblibtcnative-1.jnilib failed, dlopen(/Users/7maksacodpc/Desktop/Projet/avant swagger/backendattestation/liblibtcnative-1.jnilib, 0x0001): tried: '/Users/7maksacodp
Event: 4.394 Loaded shared library /Users/7maksacodpc/Library/Java/JavaVirtualMachines/corretto-17.0.12/Contents/Home/lib/libverify.dylib

Deoptimization events (20 events):
Event: 9.372 Thread 0x00007fd45a00fa00 Uncommon trap: trap_request=0xffffff45 fr.pc=0x000000011f5ca534 relative=0x0000000000001054
Event: 9.372 Thread 0x00007fd45a00fa00 Uncommon trap: reason=unstable_if action=reinterpret pc=0x000000011f5ca534 method=java.util.concurrent.ConcurrentHashMap.transfer([Ljava/util/concurrent/ConcurrentHashMap$Node;[Ljava/util/concurrent/ConcurrentHashMap$Node;)V @ 352 c2
Event: 9.372 Thread 0x00007fd45a00fa00 DEOPT PACKING pc=0x000000011f5ca534 sp=0x0000700007234e80
Event: 9.372 Thread 0x00007fd45a00fa00 DEOPT UNPACKING pc=0x000000011efbb699 sp=0x0000700007234de8 mode 2
Event: 9.563 Thread 0x00007fd45a00fa00 Uncommon trap: trap_request=0xffffffbe fr.pc=0x000000011f9c472c relative=0x0000000000004a6c
Event: 9.563 Thread 0x00007fd45a00fa00 Uncommon trap: reason=profile_predicate action=maybe_recompile pc=0x000000011f9c472c method=org.springframework.core.annotation.AnnotationsScanner.processClassInheritedAnnotations(Ljava/lang/Object;Ljava/lang/Class;Lorg/springframework/core/annotation/Mer
Event: 9.563 Thread 0x00007fd45a00fa00 DEOPT PACKING pc=0x000000011f9c472c sp=0x0000700007235c80
Event: 9.563 Thread 0x00007fd45a00fa00 DEOPT UNPACKING pc=0x000000011efbb699 sp=0x0000700007235a78 mode 2
Event: 9.564 Thread 0x00007fd45a00fa00 Uncommon trap: trap_request=0xffffff45 fr.pc=0x000000011f9c43bc relative=0x00000000000046fc
Event: 9.564 Thread 0x00007fd45a00fa00 Uncommon trap: reason=unstable_if action=reinterpret pc=0x000000011f9c43bc method=org.springframework.core.annotation.AnnotationsScanner.processClassInheritedAnnotations(Ljava/lang/Object;Ljava/lang/Class;Lorg/springframework/core/annotation/MergedAnnotat
Event: 9.564 Thread 0x00007fd45a00fa00 DEOPT PACKING pc=0x000000011f9c43bc sp=0x0000700007235c80
Event: 9.564 Thread 0x00007fd45a00fa00 DEOPT UNPACKING pc=0x000000011efbb699 sp=0x0000700007235a80 mode 2
Event: 9.573 Thread 0x00007fd45a00fa00 Uncommon trap: trap_request=0xffffff54 fr.pc=0x000000011f5830f4 relative=0x0000000000000234
Event: 9.573 Thread 0x00007fd45a00fa00 Uncommon trap: reason=speculate_null_assert action=make_not_entrant pc=0x000000011f5830f4 method=org.springframework.util.ConcurrentReferenceHashMap$Segment.restructureIfNecessary(Z)V @ 41 c2
Event: 9.573 Thread 0x00007fd45a00fa00 DEOPT PACKING pc=0x000000011f5830f4 sp=0x0000700007235cb0
Event: 9.573 Thread 0x00007fd45a00fa00 DEOPT UNPACKING pc=0x000000011efbb699 sp=0x0000700007235c88 mode 2
Event: 9.611 Thread 0x00007fd45a00fa00 DEOPT PACKING pc=0x0000000117b409ce sp=0x0000700007235ab0
Event: 9.611 Thread 0x00007fd45a00fa00 DEOPT UNPACKING pc=0x000000011efbbe2f sp=0x0000700007234fa8 mode 0
Event: 9.613 Thread 0x00007fd45a00fa00 DEOPT PACKING pc=0x00000001188cded5 sp=0x0000700007235af0
Event: 9.613 Thread 0x00007fd45a00fa00 DEOPT UNPACKING pc=0x000000011efbbe2f sp=0x0000700007234f98 mode 0

Classes loaded (20 events):
Event: 9.617 Loading class java/beans/WeakIdentityMap done
Event: 9.617 Loading class java/beans/ThreadGroupContext$1 done
Event: 9.617 Loading class java/beans/WeakIdentityMap$Entry
Event: 9.617 Loading class java/beans/WeakIdentityMap$Entry done
Event: 9.617 Loading class com/sun/beans/introspect/ClassInfo
Event: 9.617 Loading class com/sun/beans/introspect/ClassInfo done
Event: 9.617 Loading class com/sun/beans/introspect/ClassInfo$1
Event: 9.617 Loading class com/sun/beans/util/Cache
Event: 9.617 Loading class com/sun/beans/util/Cache done
Event: 9.617 Loading class com/sun/beans/introspect/ClassInfo$1 done
Event: 9.618 Loading class com/sun/beans/util/Cache$Kind
Event: 9.618 Loading class com/sun/beans/util/Cache$Kind done
Event: 9.618 Loading class com/sun/beans/util/Cache$Kind$1
Event: 9.618 Loading class com/sun/beans/util/Cache$Kind$1 done
Event: 9.618 Loading class com/sun/beans/util/Cache$Kind$2
Event: 9.618 Loading class com/sun/beans/util/Cache$Kind$2 done
Event: 9.618 Loading class com/sun/beans/util/Cache$Kind$3
Event: 9.618 Loading class com/sun/beans/util/Cache$Kind$3 done
Event: 9.618 Loading class com/sun/beans/util/Cache$CacheEntry
Event: 9.618 Loading class com/sun/beans/util/Cache$CacheEntry done

Classes unloaded (0 events):
No events

Classes redefined (0 events):
No events

Internal exceptions (20 events):
Event: 7.719 Thread 0x00007fd45a00fa00 Exception <a 'java/lang/reflect/InvocationTargetException'{0x00000007065dc718}> (0x00000007065dc718) 
thrown [src/hotspot/share/runtime/reflection.cpp, line 1128]
Event: 7.734 Thread 0x00007fd45a00fa00 Exception <a 'java/lang/reflect/InvocationTargetException'{0x00000007063b27a0}> (0x00000007063b27a0) 
thrown [src/hotspot/share/runtime/reflection.cpp, line 1128]
Event: 7.742 Thread 0x00007fd45a00fa00 Exception <a 'java/lang/reflect/InvocationTargetException'{0x00000007060d9848}> (0x00000007060d9848) 
thrown [src/hotspot/share/runtime/reflection.cpp, line 1128]
Event: 7.766 Thread 0x00007fd45a00fa00 Exception <a 'java/lang/reflect/InvocationTargetException'{0x0000000705cd97f8}> (0x0000000705cd97f8) 
thrown [src/hotspot/share/runtime/reflection.cpp, line 1128]
Event: 7.818 Thread 0x00007fd45a00fa00 Exception <a 'java/lang/NoSuchMethodError'{0x0000000704627318}: 'java.lang.Object java.lang.invoke.DirectMethodHandle$Holder.invokeInterface(java.lang.Object, java.lang.Object, int)'> (0x0000000704627318) 
thrown [src/hotspot/share/interpreter/linkResolver.cpp, line 759]
Event: 7.820 Thread 0x00007fd45a00fa00 Implicit null exception at 0x000000011f7f5c6c to 0x000000011f7f5d14
Event: 7.828 Thread 0x00007fd45a00fa00 Exception <a 'java/lang/reflect/InvocationTargetException'{0x0000000704504ad8}> (0x0000000704504ad8) 
thrown [src/hotspot/share/runtime/reflection.cpp, line 1128]
Event: 7.872 Thread 0x00007fd45a00fa00 Exception <a 'java/lang/reflect/InvocationTargetException'{0x0000000706b77658}> (0x0000000706b77658) 
thrown [src/hotspot/share/runtime/reflection.cpp, line 1128]
Event: 8.120 Thread 0x00007fd45a00fa00 Exception <a 'java/io/FileNotFoundException'{0x0000000704947a30}> (0x0000000704947a30) 
thrown [src/hotspot/share/prims/jni.cpp, line 516]
Event: 8.120 Thread 0x00007fd45a00fa00 Exception <a 'java/io/FileNotFoundException'{0x0000000704952778}> (0x0000000704952778) 
thrown [src/hotspot/share/prims/jni.cpp, line 516]
Event: 8.424 Thread 0x00007fd45a00fa00 Exception <a 'java/lang/IncompatibleClassChangeError'{0x0000000705f16ec8}: Found class java.lang.Object, but interface was expected> (0x0000000705f16ec8) 
thrown [src/hotspot/share/interpreter/linkResolver.cpp, line 826]
Event: 8.436 Thread 0x00007fd45a00fa00 Exception <a 'java/lang/NoSuchMethodError'{0x0000000705ff9298}: 'java.lang.Object java.lang.invoke.DirectMethodHandle$Holder.invokeInterface(java.lang.Object, java.lang.Object, java.lang.Object, java.lang.Object)'> (0x0000000705ff9298) 
thrown [src/hotspot/share/interpreter/linkResolver.cpp, line 759]
Event: 8.437 Thread 0x00007fd45a00fa00 Exception <a 'java/lang/IncompatibleClassChangeError'{0x0000000705c0ff50}: Found class java.lang.Object, but interface was expected> (0x0000000705c0ff50) 
thrown [src/hotspot/share/interpreter/linkResolver.cpp, line 826]
Event: 8.441 Thread 0x00007fd45a00fa00 Exception <a 'java/lang/IncompatibleClassChangeError'{0x0000000705c1f3d0}: Found class java.lang.Object, but interface was expected> (0x0000000705c1f3d0) 
thrown [src/hotspot/share/interpreter/linkResolver.cpp, line 826]
Event: 8.486 Thread 0x00007fd45a00fa00 Implicit null exception at 0x000000011f650b4f to 0x000000011f650c9c
Event: 8.502 Thread 0x00007fd45a00fa00 Exception <a 'java/lang/NoSuchMethodError'{0x0000000705a1c4a8}: 'void java.lang.invoke.DirectMethodHandle$Holder.invokeSpecial(java.lang.Object, java.lang.Object, int, java.lang.Object, java.lang.Object, java.lang.Object, java.lang.Object)'> (0x0000000705a1c4a8) 
thrown [src/hotspot/share/interpreter/linkResolver.cpp, line 759]
Event: 8.503 Thread 0x00007fd45a00fa00 Exception <a 'java/lang/NoSuchMethodError'{0x0000000705a27480}: 'int java.lang.invoke.DirectMethodHandle$Holder.invokeStatic(java.lang.Object, java.lang.Object, int, int)'> (0x0000000705a27480) 
thrown [src/hotspot/share/interpreter/linkResolver.cpp, line 759]
Event: 9.121 Thread 0x00007fd45a00fa00 Exception <a 'java/lang/IncompatibleClassChangeError'{0x0000000706bdcc88}: Found class java.lang.Object, but interface was expected> (0x0000000706bdcc88) 
thrown [src/hotspot/share/interpreter/linkResolver.cpp, line 826]
Event: 9.288 Thread 0x00007fd45a00fa00 Exception <a 'java/lang/NoSuchMethodError'{0x0000000705fdf668}: 'void java.lang.invoke.DirectMethodHandle$Holder.invokeVirtual(java.lang.Object, java.lang.Object, long)'> (0x0000000705fdf668) 
thrown [src/hotspot/share/interpreter/linkResolver.cpp, line 759]
Event: 9.574 Thread 0x00007fd45a00fa00 Exception <a 'java/lang/NoSuchMethodError'{0x000000070453fb00}: 'java.lang.Object java.lang.invoke.DirectMethodHandle$Holder.newInvokeSpecial(java.lang.Object, java.lang.Object, int, java.lang.Object, java.lang.Object)'> (0x000000070453fb00) 
thrown [src/hotspot/share/interpreter/linkResolver.cpp, line 759]

VM Operations (20 events):
Event: 8.979 Executing VM operation: G1CollectForAllocation
Event: 8.985 Executing VM operation: G1CollectForAllocation done
Event: 9.310 Executing VM operation: HandshakeAllThreads
Event: 9.310 Executing VM operation: HandshakeAllThreads done
Event: 9.357 Executing VM operation: ICBufferFull
Event: 9.358 Executing VM operation: ICBufferFull done
Event: 9.471 Executing VM operation: HandshakeAllThreads
Event: 9.471 Executing VM operation: HandshakeAllThreads done
Event: 9.483 Executing VM operation: ICBufferFull
Event: 9.484 Executing VM operation: ICBufferFull done
Event: 9.493 Executing VM operation: HandshakeAllThreads
Event: 9.493 Executing VM operation: HandshakeAllThreads done
Event: 9.515 Executing VM operation: HandshakeAllThreads
Event: 9.515 Executing VM operation: HandshakeAllThreads done
Event: 9.573 Executing VM operation: HandshakeAllThreads
Event: 9.573 Executing VM operation: HandshakeAllThreads done
Event: 9.582 Executing VM operation: G1CollectForAllocation
Event: 9.591 Executing VM operation: G1CollectForAllocation done
Event: 9.850 Executing VM operation: HandshakeAllThreads
Event: 9.850 Executing VM operation: HandshakeAllThreads done

Events (20 events):
Event: 9.860 Thread 0x00007fd45d812a00 flushing nmethod 0x0000000118899590
Event: 9.860 Thread 0x00007fd45d812a00 flushing nmethod 0x00000001188a0910
Event: 9.860 Thread 0x00007fd45d812a00 flushing nmethod 0x00000001188da890
Event: 9.860 Thread 0x00007fd45d812a00 flushing nmethod 0x00000001188e1090
Event: 9.860 Thread 0x00007fd45d812a00 flushing nmethod 0x0000000118942890
Event: 9.860 Thread 0x00007fd45d812a00 flushing nmethod 0x000000011896ae10
Event: 9.860 Thread 0x00007fd45d812a00 flushing nmethod 0x000000011896cb90
Event: 9.860 Thread 0x00007fd45d812a00 flushing nmethod 0x000000011896d710
Event: 9.860 Thread 0x00007fd45d812a00 flushing nmethod 0x000000011896dc10
Event: 9.860 Thread 0x00007fd45d812a00 flushing nmethod 0x000000011896f790
Event: 9.860 Thread 0x00007fd45d812a00 flushing nmethod 0x0000000118993510
Event: 9.860 Thread 0x00007fd45d812a00 flushing nmethod 0x00000001189a5810
Event: 9.860 Thread 0x00007fd45d812a00 flushing nmethod 0x00000001189a5e10
Event: 9.860 Thread 0x00007fd45d812a00 flushing nmethod 0x00000001189a7410
Event: 9.860 Thread 0x00007fd45d812a00 flushing nmethod 0x00000001189a8090
Event: 9.860 Thread 0x00007fd45d812a00 flushing nmethod 0x00000001189a8810
Event: 9.860 Thread 0x00007fd45d812a00 flushing nmethod 0x00000001189a9610
Event: 9.860 Thread 0x00007fd45d812a00 flushing nmethod 0x00000001189ac790
Event: 9.860 Thread 0x00007fd45d812a00 flushing nmethod 0x00000001189d5c10
Event: 9.860 Thread 0x00007fd45d812a00 flushing nmethod 0x0000000118a0cd10


Dynamic libraries:
0x000000010d0f4000 	/Users/7maksacodpc/Library/Java/JavaVirtualMachines/corretto-17.0.12/Contents/Home/lib/libjli.dylib
0x00007ff81b33c000 	/usr/lib/libz.1.dylib
0x00007ff81b41c000 	/usr/lib/libSystem.B.dylib
0x00007ff81b417000 	/usr/lib/system/libcache.dylib
0x00007ff81b3d3000 	/usr/lib/system/libcommonCrypto.dylib
0x00007ff81b3fc000 	/usr/lib/system/libcompiler_rt.dylib
0x00007ff81b3f2000 	/usr/lib/system/libcopyfile.dylib
0x00007ff8103a5000 	/usr/lib/system/libcorecrypto.dylib
0x00007ff810463000 	/usr/lib/system/libdispatch.dylib
0x00007ff810624000 	/usr/lib/system/libdyld.dylib
0x00007ff81b40e000 	/usr/lib/system/libkeymgr.dylib
0x00007ff81b3b1000 	/usr/lib/system/libmacho.dylib
0x00007ff81aa32000 	/usr/lib/system/libquarantine.dylib
0x00007ff81b40c000 	/usr/lib/system/libremovefile.dylib
0x00007ff8155bd000 	/usr/lib/system/libsystem_asl.dylib
0x00007ff81034e000 	/usr/lib/system/libsystem_blocks.dylib
0x00007ff8104e8000 	/usr/lib/system/libsystem_c.dylib
0x00007ff81b404000 	/usr/lib/system/libsystem_collections.dylib
0x00007ff819ce6000 	/usr/lib/system/libsystem_configuration.dylib
0x00007ff818f8f000 	/usr/lib/system/libsystem_containermanager.dylib
0x00007ff81b0e9000 	/usr/lib/system/libsystem_coreservices.dylib
0x00007ff812c5b000 	/usr/lib/system/libsystem_darwin.dylib
0x00007ff81b40f000 	/usr/lib/system/libsystem_dnssd.dylib
0x00007ff8104e5000 	/usr/lib/system/libsystem_featureflags.dylib
0x00007ff81063a000 	/usr/lib/system/libsystem_info.dylib
0x00007ff81b34f000 	/usr/lib/system/libsystem_m.dylib
0x00007ff810437000 	/usr/lib/system/libsystem_malloc.dylib
0x00007ff815558000 	/usr/lib/system/libsystem_networkextension.dylib
0x00007ff813085000 	/usr/lib/system/libsystem_notify.dylib
0x00007ff821693000 	/usr/lib/system/libsystem_product_info_filter.dylib
0x00007ff819cea000 	/usr/lib/system/libsystem_sandbox.dylib
0x00007ff81b409000 	/usr/lib/system/libsystem_secinit.dylib
0x00007ff8105e0000 	/usr/lib/system/libsystem_kernel.dylib
0x00007ff810630000 	/usr/lib/system/libsystem_platform.dylib
0x00007ff810618000 	/usr/lib/system/libsystem_pthread.dylib
0x00007ff816e0b000 	/usr/lib/system/libsystem_symptoms.dylib
0x00007ff81038c000 	/usr/lib/system/libsystem_trace.dylib
0x00007ff81b3df000 	/usr/lib/system/libunwind.dylib
0x00007ff810350000 	/usr/lib/system/libxpc.dylib
0x00007ff8105ca000 	/usr/lib/libc++abi.dylib
0x00007ff8104aa000 	/usr/lib/libobjc.A.dylib
0x00007ff81b3ea000 	/usr/lib/liboah.dylib
0x00007ff810571000 	/usr/lib/libc++.1.dylib
0x00007ff8274b0000 	/System/Library/Frameworks/Cocoa.framework/Versions/A/Cocoa
0x00007ff8130e3000 	/System/Library/Frameworks/AppKit.framework/Versions/C/AppKit
0x00007ff8165f9000 	/System/Library/Frameworks/CoreData.framework/Versions/A/CoreData
0x00007ff8114e2000 	/System/Library/Frameworks/Foundation.framework/Versions/C/Foundation
0x00007ff813f73000 	/System/Library/PrivateFrameworks/UIFoundation.framework/Versions/A/UIFoundation
0x00007ff821396000 	/System/Library/PrivateFrameworks/RemoteViewServices.framework/Versions/A/RemoteViewServices
0x00007ff81966f000 	/System/Library/PrivateFrameworks/XCTTargetBootstrap.framework/Versions/A/XCTTargetBootstrap
0x00007ff81d22c000 	/System/Library/PrivateFrameworks/InternationalSupport.framework/Versions/A/InternationalSupport
0x00007ff81d2b6000 	/System/Library/PrivateFrameworks/UserActivity.framework/Versions/A/UserActivity
0x00007ff81c604000 	/usr/lib/libspindump.dylib
0x00007ff814202000 	/System/Library/Frameworks/UniformTypeIdentifiers.framework/Versions/A/UniformTypeIdentifiers
0x00007ff817d94000 	/usr/lib/libapp_launch_measurement.dylib
0x00007ff816fcb000 	/System/Library/PrivateFrameworks/CoreAnalytics.framework/Versions/A/CoreAnalytics
0x00007ff817d97000 	/System/Library/PrivateFrameworks/CoreAutoLayout.framework/Versions/A/CoreAutoLayout
0x00007ff818fc7000 	/System/Library/Frameworks/Metal.framework/Versions/A/Metal
0x00007ff819cf6000 	/usr/lib/liblangid.dylib
0x00007ff819674000 	/System/Library/PrivateFrameworks/CoreSVG.framework/Versions/A/CoreSVG
0x00007ff8155ed000 	/System/Library/PrivateFrameworks/SkyLight.framework/Versions/A/SkyLight
0x00007ff81598c000 	/System/Library/Frameworks/CoreGraphics.framework/Versions/A/CoreGraphics
0x00007ff821a58000 	/System/Library/Frameworks/Accelerate.framework/Versions/A/Accelerate
0x00007ff81c083000 	/System/Library/PrivateFrameworks/IconServices.framework/Versions/A/IconServices
0x00007ff818fac000 	/System/Library/Frameworks/IOSurface.framework/Versions/A/IOSurface
0x00007ff816ff9000 	/usr/lib/libDiagnosticMessagesClient.dylib
0x00007ff825154000 	/System/Library/Frameworks/ApplicationServices.framework/Versions/A/ApplicationServices
0x00007ff81965b000 	/System/Library/PrivateFrameworks/DFRFoundation.framework/Versions/A/DFRFoundation
0x00007ff8129c7000 	/usr/lib/libicucore.A.dylib
0x00007ff81e022000 	/System/Library/Frameworks/AudioToolbox.framework/Versions/A/AudioToolbox
0x00007ff81d238000 	/System/Library/PrivateFrameworks/DataDetectorsCore.framework/Versions/A/DataDetectorsCore
0x00007ff91973c000 	/System/Library/PrivateFrameworks/TextInput.framework/Versions/A/TextInput
0x00007ff815570000 	/usr/lib/libMobileGestalt.dylib
0x00007ff819367000 	/System/Library/Frameworks/Carbon.framework/Versions/A/Frameworks/HIToolbox.framework/Versions/A/HIToolbox
0x00007ff817796000 	/System/Library/Frameworks/QuartzCore.framework/Versions/A/QuartzCore
0x00007ff81266c000 	/System/Library/Frameworks/Security.framework/Versions/A/Security
0x00007ff8213ce000 	/System/Library/Frameworks/Carbon.framework/Versions/A/Frameworks/SpeechRecognition.framework/Versions/A/SpeechRecognition
0x00007ff817af4000 	/System/Library/PrivateFrameworks/CoreUI.framework/Versions/A/CoreUI
0x00007ff811f36000 	/System/Library/Frameworks/CoreAudio.framework/Versions/A/CoreAudio
0x00007ff8170e8000 	/System/Library/Frameworks/DiskArbitration.framework/Versions/A/DiskArbitration
0x00007ff81c9f5000 	/System/Library/PrivateFrameworks/MultitouchSupport.framework/Versions/A/MultitouchSupport
0x00007ff81556f000 	/usr/lib/libenergytrace.dylib
0x00007ff812fcb000 	/System/Library/Frameworks/IOKit.framework/Versions/A/IOKit
0x00007ff8217c0000 	/System/Library/Frameworks/CoreServices.framework/Versions/A/CoreServices
0x00007ff817d2e000 	/System/Library/PrivateFrameworks/PerformanceAnalysis.framework/Versions/A/PerformanceAnalysis
0x00007ffa2940a000 	/System/Library/Frameworks/OpenGL.framework/Versions/A/OpenGL
0x00007ff81a958000 	/System/Library/PrivateFrameworks/MobileKeyBag.framework/Versions/A/MobileKeyBag
0x00007ff816058000 	/System/Library/Frameworks/ColorSync.framework/Versions/A/ColorSync
0x00007ff810665000 	/System/Library/Frameworks/CoreFoundation.framework/Versions/A/CoreFoundation
0x00007ff8198ec000 	/System/Library/Frameworks/CoreImage.framework/Versions/A/CoreImage
0x00007ff811d4a000 	/System/Library/Frameworks/CoreText.framework/Versions/A/CoreText
0x00007ff8196a4000 	/System/Library/Frameworks/ImageIO.framework/Versions/A/ImageIO
0x00007ff81b422000 	/System/Library/PrivateFrameworks/SoftLinking.framework/Versions/A/SoftLinking
0x00007ff817ddf000 	/usr/lib/libxml2.2.dylib
0x00007ff81b6a6000 	/usr/lib/libcompression.dylib
0x00007ff81d15f000 	/System/Library/PrivateFrameworks/TextureIO.framework/Versions/A/TextureIO
0x00007ff81bd94000 	/usr/lib/libate.dylib
0x00007ff81bb70000 	/usr/lib/liblzma.5.dylib
0x00007ff8111f4000 	/System/Library/Frameworks/SystemConfiguration.framework/Versions/A/SystemConfiguration
0x00007ff81b41e000 	/usr/lib/libfakelink.dylib
0x00007ff8150c9000 	/System/Library/Frameworks/CFNetwork.framework/Versions/A/CFNetwork
0x00007ff81b55f000 	/usr/lib/libarchive.2.dylib
0x00007ff819cf2000 	/System/Library/PrivateFrameworks/AppleSystemInfo.framework/Versions/A/AppleSystemInfo
0x00007ff81aa59000 	/usr/lib/libbsm.0.dylib
0x00007ff8146d8000 	/usr/lib/libnetwork.dylib
0x00007ff81b3b7000 	/usr/lib/system/libkxld.dylib
0x00007ff81a68c000 	/System/Library/PrivateFrameworks/IOMobileFramebuffer.framework/Versions/A/IOMobileFramebuffer
0x00007ffb28dc0000 	/usr/lib/libCoreEntitlements.dylib
0x00007ff81b0cb000 	/System/Library/PrivateFrameworks/AppleFSCompression.framework/Versions/A/AppleFSCompression
0x00007ff81aa41000 	/usr/lib/libcoretls.dylib
0x00007ff81bb8a000 	/usr/lib/libcoretls_cfhelpers.dylib
0x00007ff81b6a0000 	/usr/lib/libpam.2.dylib
0x00007ff816a2a000 	/usr/lib/libsqlite3.dylib
0x00007ff81bbf9000 	/usr/lib/libxar.1.dylib
0x00007ff81b0db000 	/usr/lib/libbz2.1.0.dylib
0x00007ff81b423000 	/usr/lib/libpcap.A.dylib
0x00007ff816e03000 	/usr/lib/libdns_services.dylib
0x00007ff81b670000 	/usr/lib/libapple_nghttp2.dylib
0x00007ff81b45d000 	/usr/lib/libiconv.2.dylib
0x00007ff81b3b0000 	/usr/lib/libcharset.1.dylib
0x00007ff817d62000 	/System/Library/Frameworks/CoreServices.framework/Versions/A/Frameworks/FSEvents.framework/Versions/A/FSEvents
0x00007ff812c65000 	/System/Library/Frameworks/CoreServices.framework/Versions/A/Frameworks/CarbonCore.framework/Versions/A/CarbonCore
0x00007ff81704c000 	/System/Library/Frameworks/CoreServices.framework/Versions/A/Frameworks/Metadata.framework/Versions/A/Metadata
0x00007ff81b0ee000 	/System/Library/Frameworks/CoreServices.framework/Versions/A/Frameworks/OSServices.framework/Versions/A/OSServices
0x00007ff81b5e5000 	/System/Library/Frameworks/CoreServices.framework/Versions/A/Frameworks/SearchKit.framework/Versions/A/SearchKit
0x00007ff816d95000 	/System/Library/Frameworks/CoreServices.framework/Versions/A/Frameworks/AE.framework/Versions/A/AE
0x00007ff810b68000 	/System/Library/Frameworks/CoreServices.framework/Versions/A/Frameworks/LaunchServices.framework/Versions/A/LaunchServices
0x00007ff81bb21000 	/System/Library/Frameworks/CoreServices.framework/Versions/A/Frameworks/DictionaryServices.framework/Versions/A/DictionaryServices
0x00007ff817d6f000 	/System/Library/Frameworks/CoreServices.framework/Versions/A/Frameworks/SharedFileList.framework/Versions/A/SharedFileList
0x00007ff81aa35000 	/usr/lib/libCheckFix.dylib
0x00007ff8155d4000 	/System/Library/PrivateFrameworks/TCC.framework/Versions/A/TCC
0x00007ff819cf8000 	/System/Library/PrivateFrameworks/CoreNLP.framework/Versions/A/CoreNLP
0x00007ff816ffc000 	/System/Library/PrivateFrameworks/MetadataUtilities.framework/Versions/A/MetadataUtilities
0x00007ff8112a5000 	/usr/lib/libmecabra.dylib
0x00007ff81aa69000 	/usr/lib/libmecab.dylib
0x00007ff811270000 	/usr/lib/libCRFSuite.dylib
0x00007ff81aac3000 	/usr/lib/libgermantok.dylib
0x00007ff81b64b000 	/usr/lib/libThaiTokenizer.dylib
0x00007ff8170ef000 	/System/Library/Frameworks/Accelerate.framework/Versions/A/Frameworks/vImage.framework/Versions/A/vImage
0x00007ff821797000 	/System/Library/Frameworks/Accelerate.framework/Versions/A/Frameworks/vecLib.framework/Versions/A/vecLib
0x00007ff81bc3a000 	/System/Library/Frameworks/Accelerate.framework/Versions/A/Frameworks/vecLib.framework/Versions/A/libvMisc.dylib
0x00007ff81a4b7000 	/System/Library/Frameworks/Accelerate.framework/Versions/A/Frameworks/vecLib.framework/Versions/A/libvDSP.dylib
0x00007ff810ee4000 	/System/Library/Frameworks/Accelerate.framework/Versions/A/Frameworks/vecLib.framework/Versions/A/libBLAS.dylib
0x00007ff81b783000 	/System/Library/Frameworks/Accelerate.framework/Versions/A/Frameworks/vecLib.framework/Versions/A/libLAPACK.dylib
0x00007ff81aac6000 	/System/Library/Frameworks/Accelerate.framework/Versions/A/Frameworks/vecLib.framework/Versions/A/libLinearAlgebra.dylib
0x00007ff81b688000 	/System/Library/Frameworks/Accelerate.framework/Versions/A/Frameworks/vecLib.framework/Versions/A/libSparseBLAS.dylib
0x00007ff81b77d000 	/System/Library/Frameworks/Accelerate.framework/Versions/A/Frameworks/vecLib.framework/Versions/A/libQuadrature.dylib
0x00007ff819de3000 	/System/Library/Frameworks/Accelerate.framework/Versions/A/Frameworks/vecLib.framework/Versions/A/libBNNS.dylib
0x00007ff81117e000 	/System/Library/Frameworks/Accelerate.framework/Versions/A/Frameworks/vecLib.framework/Versions/A/libSparse.dylib
0x00007ff819ddc000 	/System/Library/PrivateFrameworks/LinguisticData.framework/Versions/A/LinguisticData
0x00007ff811134000 	/System/Library/PrivateFrameworks/Lexicon.framework/Versions/A/Lexicon
0x00007ff81bc33000 	/usr/lib/libChineseTokenizer.dylib
0x00007ff81189f000 	/System/Library/PrivateFrameworks/LanguageModeling.framework/Versions/A/LanguageModeling
0x00007ff81b64d000 	/System/Library/PrivateFrameworks/AppleSauce.framework/Versions/A/AppleSauce
0x00007ff81a67a000 	/System/Library/PrivateFrameworks/CoreEmoji.framework/Versions/A/CoreEmoji
0x00007ff81b54e000 	/usr/lib/libcmph.dylib
0x00007ff817d46000 	/System/Library/Frameworks/OpenDirectory.framework/Versions/A/Frameworks/CFOpenDirectory.framework/Versions/A/CFOpenDirectory
0x00007ff817d3a000 	/System/Library/Frameworks/OpenDirectory.framework/Versions/A/OpenDirectory
0x00007ff81bb8c000 	/System/Library/PrivateFrameworks/APFS.framework/Versions/A/APFS
0x00007ff81a990000 	/System/Library/Frameworks/SecurityFoundation.framework/Versions/A/SecurityFoundation
0x00007ff81bc07000 	/usr/lib/libutil.dylib
0x00007ff812f8f000 	/System/Library/PrivateFrameworks/CoreServicesStore.framework/Versions/A/CoreServicesStore
0x00007ff81bc0b000 	/usr/lib/libxslt.1.dylib
0x00007ff81aa1d000 	/System/Library/PrivateFrameworks/BackgroundTaskManagement.framework/Versions/A/BackgroundTaskManagement
0x00007ff81d07f000 	/System/Library/Frameworks/ImageIO.framework/Versions/A/Resources/libRadiance.dylib
0x00007ff81d088000 	/System/Library/Frameworks/ImageIO.framework/Versions/A/Resources/libJPEG.dylib
0x00007ff81cfd4000 	/System/Library/Frameworks/ImageIO.framework/Versions/A/Resources/libPng.dylib
0x00007ff81cff5000 	/System/Library/Frameworks/ImageIO.framework/Versions/A/Resources/libTIFF.dylib
0x00007ff81d0e8000 	/System/Library/Frameworks/ImageIO.framework/Versions/A/Resources/libGIF.dylib
0x00007ff81c90e000 	/System/Library/Frameworks/ImageIO.framework/Versions/A/Resources/libJP2.dylib
0x00007ff81c049000 	/usr/lib/libexpat.1.dylib
0x00007ff81c8c3000 	/System/Library/PrivateFrameworks/AppleJPEG.framework/Versions/A/AppleJPEG
0x00007ff81922c000 	/System/Library/PrivateFrameworks/FontServices.framework/libFontParser.dylib
0x00007ff816d3f000 	/System/Library/PrivateFrameworks/RunningBoardServices.framework/Versions/A/RunningBoardServices
0x00007ff827a6b000 	/System/Library/PrivateFrameworks/IOSurfaceAccelerator.framework/Versions/A/IOSurfaceAccelerator
0x00007ff81c9f1000 	/System/Library/PrivateFrameworks/WatchdogClient.framework/Versions/A/WatchdogClient
0x00007ff81198d000 	/System/Library/Frameworks/CoreDisplay.framework/Versions/A/CoreDisplay
0x00007ff81912a000 	/System/Library/Frameworks/CoreMedia.framework/Versions/A/CoreMedia
0x00007ff818fbe000 	/System/Library/PrivateFrameworks/IOAccelerator.framework/Versions/A/IOAccelerator
0x00007ff817ec3000 	/System/Library/Frameworks/CoreVideo.framework/Versions/A/CoreVideo
0x00007ff81b69e000 	/System/Library/Frameworks/MetalPerformanceShaders.framework/Versions/A/MetalPerformanceShaders
0x00007ff81ca2e000 	/System/Library/Frameworks/VideoToolbox.framework/Versions/A/VideoToolbox
0x00007ff816c89000 	/System/Library/PrivateFrameworks/BaseBoard.framework/Versions/A/BaseBoard
0x00007ff816a10000 	/System/Library/PrivateFrameworks/ProtocolBuffer.framework/Versions/A/ProtocolBuffer
0x00007ff81d078000 	/System/Library/PrivateFrameworks/GPUWrangler.framework/Versions/A/GPUWrangler
0x00007ff81d05c000 	/System/Library/PrivateFrameworks/IOPresentment.framework/Versions/A/IOPresentment
0x00007ff81d082000 	/System/Library/PrivateFrameworks/DSExternalDisplay.framework/Versions/A/DSExternalDisplay
0x00007ffa293fe000 	/System/Library/Frameworks/OpenGL.framework/Versions/A/Libraries/libCoreFSCache.dylib
0x00007ffb164d3000 	/System/Library/PrivateFrameworks/GPUCompiler.framework/Versions/31001/Libraries/libGPUCompilerUtils.dylib
0x00007ff81d0ed000 	/System/Library/PrivateFrameworks/CMCaptureCore.framework/Versions/A/CMCaptureCore
0x00007ff81c5f2000 	/System/Library/PrivateFrameworks/AppServerSupport.framework/Versions/A/AppServerSupport
0x00007ff81e8bb000 	/System/Library/PrivateFrameworks/perfdata.framework/Versions/A/perfdata
0x00007ff811ab9000 	/System/Library/PrivateFrameworks/AudioToolboxCore.framework/Versions/A/AudioToolboxCore
0x00007ff819108000 	/System/Library/PrivateFrameworks/caulk.framework/Versions/A/caulk
0x00007ff81e1cd000 	/usr/lib/libAudioStatistics.dylib
0x00007ff915ec1000 	/System/Library/PrivateFrameworks/SystemPolicy.framework/Versions/A/SystemPolicy
0x00007ff81e428000 	/usr/lib/libSMC.dylib
0x00007ff827363000 	/System/Library/Frameworks/CoreMIDI.framework/Versions/A/CoreMIDI
0x00007ff81cfa3000 	/usr/lib/libAudioToolboxUtility.dylib
0x00007ff9120e1000 	/System/Library/PrivateFrameworks/OSAServicesClient.framework/Versions/A/OSAServicesClient
0x00007ff81e8c8000 	/usr/lib/libperfcheck.dylib
0x00007ff916972000 	/usr/lib/libmis.dylib
0x00007ffa29459000 	/System/Library/Frameworks/OpenGL.framework/Versions/A/Libraries/libGLU.dylib
0x00007ffa2941d000 	/System/Library/Frameworks/OpenGL.framework/Versions/A/Libraries/libGFXShared.dylib
0x00007ffa29626000 	/System/Library/Frameworks/OpenGL.framework/Versions/A/Libraries/libGL.dylib
0x00007ffa29426000 	/System/Library/Frameworks/OpenGL.framework/Versions/A/Libraries/libGLImage.dylib
0x00007ffa2941a000 	/System/Library/Frameworks/OpenGL.framework/Versions/A/Libraries/libCVMSPluginSupport.dylib
0x00007ffa29405000 	/System/Library/Frameworks/OpenGL.framework/Versions/A/Libraries/libCoreVMClient.dylib
0x00007ff819c74000 	/System/Library/Frameworks/MetalPerformanceShaders.framework/Versions/A/Frameworks/MPSCore.framework/Versions/A/MPSCore
0x00007ff81b036000 	/System/Library/Frameworks/MetalPerformanceShaders.framework/Versions/A/Frameworks/MPSImage.framework/Versions/A/MPSImage
0x00007ff81aadc000 	/System/Library/Frameworks/MetalPerformanceShaders.framework/Versions/A/Frameworks/MPSNeuralNetwork.framework/Versions/A/MPSNeuralNetwork
0x00007ff81af50000 	/System/Library/Frameworks/MetalPerformanceShaders.framework/Versions/A/Frameworks/MPSMatrix.framework/Versions/A/MPSMatrix
0x00007ff81ad0b000 	/System/Library/Frameworks/MetalPerformanceShaders.framework/Versions/A/Frameworks/MPSRayIntersector.framework/Versions/A/MPSRayIntersector
0x00007ff81af88000 	/System/Library/Frameworks/MetalPerformanceShaders.framework/Versions/A/Frameworks/MPSNDArray.framework/Versions/A/MPSNDArray
0x00007ffa2eede000 	/System/Library/Frameworks/MetalPerformanceShaders.framework/Versions/A/Frameworks/MPSFunctions.framework/Versions/A/MPSFunctions
0x00007ff810dc0000 	/System/Library/PrivateFrameworks/MetalTools.framework/Versions/A/MetalTools
0x00007ff819cf0000 	/System/Library/PrivateFrameworks/AggregateDictionary.framework/Versions/A/AggregateDictionary
0x00007ff81be2b000 	/usr/lib/libIOReport.dylib
0x00007ffa2aa35000 	/System/Library/Frameworks/OpenCL.framework/Versions/A/OpenCL
0x00007ff81c190000 	/System/Library/PrivateFrameworks/FaceCore.framework/Versions/A/FaceCore
0x00007ff81c181000 	/System/Library/PrivateFrameworks/GraphVisualizer.framework/Versions/A/GraphVisualizer
0x00007ffb163de000 	/System/Library/PrivateFrameworks/FontServices.framework/Versions/A/FontServices
0x00007ff81c5aa000 	/System/Library/PrivateFrameworks/OTSVG.framework/Versions/A/OTSVG
0x00007ff817aa9000 	/System/Library/Frameworks/ApplicationServices.framework/Versions/A/Frameworks/ATS.framework/Versions/A/Resources/libFontRegistry.dylib
0x00007ff81c5fa000 	/System/Library/PrivateFrameworks/FontServices.framework/libhvf.dylib
0x00007ffb163df000 	/System/Library/PrivateFrameworks/FontServices.framework/libXTFontStaticRegistryData.dylib
0x00007ff81bff9000 	/System/Library/PrivateFrameworks/AppleVA.framework/Versions/A/AppleVA
0x00007ff81e1ed000 	/System/Library/Frameworks/ApplicationServices.framework/Versions/A/Frameworks/ATS.framework/Versions/A/ATS
0x00007ff816156000 	/System/Library/Frameworks/ApplicationServices.framework/Versions/A/Frameworks/HIServices.framework/Versions/A/HIServices
0x00007ff81d0f7000 	/System/Library/Frameworks/ApplicationServices.framework/Versions/A/Frameworks/PrintCore.framework/Versions/A/PrintCore
0x00007ff81e57b000 	/System/Library/Frameworks/ApplicationServices.framework/Versions/A/Frameworks/QD.framework/Versions/A/QD
0x00007ff81e573000 	/System/Library/Frameworks/ApplicationServices.framework/Versions/A/Frameworks/ColorSyncLegacy.framework/Versions/A/ColorSyncLegacy
0x00007ff81e1dd000 	/System/Library/Frameworks/ApplicationServices.framework/Versions/A/Frameworks/SpeechSynthesis.framework/Versions/A/SpeechSynthesis
0x00007ff81d0b8000 	/System/Library/Frameworks/ApplicationServices.framework/Versions/A/Frameworks/ATSUI.framework/Versions/A/ATSUI
0x00007ff81e508000 	/usr/lib/libcups.2.dylib
0x00007ff81e8d7000 	/System/Library/Frameworks/Kerberos.framework/Versions/A/Kerberos
0x00007ff81e8e6000 	/System/Library/Frameworks/GSS.framework/Versions/A/GSS
0x00007ff81e259000 	/usr/lib/libresolv.9.dylib
0x00007ff81c609000 	/System/Library/PrivateFrameworks/Heimdal.framework/Versions/A/Heimdal
0x00007ff8254e6000 	/System/Library/Frameworks/Kerberos.framework/Versions/A/Libraries/libHeimdalProxy.dylib
0x00007ff816e13000 	/System/Library/Frameworks/Network.framework/Versions/A/Network
0x00007ff81c064000 	/usr/lib/libheimdal-asn1.dylib
0x00007ff81e931000 	/System/Library/PrivateFrameworks/CommonAuth.framework/Versions/A/CommonAuth
0x00007ff81e15f000 	/System/Library/PrivateFrameworks/AudioSession.framework/Versions/A/AudioSession
0x00007ff81c0f4000 	/System/Library/PrivateFrameworks/MediaExperience.framework/Versions/A/MediaExperience
0x00007ff81dff1000 	/System/Library/PrivateFrameworks/AudioSession.framework/libSessionUtility.dylib
0x00007ff81e587000 	/System/Library/PrivateFrameworks/AudioResourceArbitration.framework/Versions/A/AudioResourceArbitration
0x00007ff82260a000 	/System/Library/PrivateFrameworks/PowerLog.framework/Versions/A/PowerLog
0x00007ff81c06d000 	/System/Library/PrivateFrameworks/IconFoundation.framework/Versions/A/IconFoundation
0x00007ff8213be000 	/System/Library/PrivateFrameworks/SpeechRecognitionCore.framework/Versions/A/SpeechRecognitionCore
0x000000010e239000 	/Users/7maksacodpc/Library/Java/JavaVirtualMachines/corretto-17.0.12/Contents/Home/lib/server/libjvm.dylib
0x000000010d125000 	/Users/7maksacodpc/Library/Java/JavaVirtualMachines/corretto-17.0.12/Contents/Home/lib/libjimage.dylib
0x000000010d148000 	/Users/7maksacodpc/Library/Java/JavaVirtualMachines/corretto-17.0.12/Contents/Home/lib/libinstrument.dylib
0x000000010d18a000 	/Users/7maksacodpc/Library/Java/JavaVirtualMachines/corretto-17.0.12/Contents/Home/lib/libjava.dylib
0x000000010dc55000 	/Users/7maksacodpc/Library/Java/JavaVirtualMachines/corretto-17.0.12/Contents/Home/lib/libzip.dylib
0x000000010dc69000 	/Users/7maksacodpc/Library/Java/JavaVirtualMachines/corretto-17.0.12/Contents/Home/lib/libnio.dylib
0x000000010dc85000 	/Users/7maksacodpc/Library/Java/JavaVirtualMachines/corretto-17.0.12/Contents/Home/lib/libnet.dylib
0x000000010d176000 	/Users/7maksacodpc/Library/Java/JavaVirtualMachines/corretto-17.0.12/Contents/Home/lib/libextnet.dylib
0x000000010dcb4000 	/Users/7maksacodpc/Library/Java/JavaVirtualMachines/corretto-17.0.12/Contents/Home/lib/libmanagement.dylib
0x000000010dcc4000 	/Users/7maksacodpc/Library/Java/JavaVirtualMachines/corretto-17.0.12/Contents/Home/lib/libmanagement_ext.dylib
0x000000010dcea000 	/Users/7maksacodpc/Library/Java/JavaVirtualMachines/corretto-17.0.12/Contents/Home/lib/libverify.dylib


VM Arguments:
jvm_args: -javaagent:/Applications/IntelliJ IDEA CE.app/Contents/lib/idea_rt.jar=62547:/Applications/IntelliJ IDEA CE.app/Contents/bin -Dfile.encoding=UTF-8 
java_command: com.fonctionpublique.AttestationApplication
java_class_path (initial): /Users/7maksacodpc/Desktop/Projet/avant swagger/backendattestation/target/classes:/Users/7maksacodpc/.m2/repository/com/squareup/okhttp/okhttp/2.7.5/okhttp-2.7.5.jar:/Users/7maksacodpc/.m2/repository/org/springframework/boot/spring-boot-starter-data-jpa/3.3.2/spring-boot-starter-data-jpa-3.3.2.jar:/Users/7maksacodpc/.m2/repository/org/springframework/boot/spring-boot-starter-aop/3.3.2/spring-boot-starter-aop-3.3.2.jar:/Users/7maksacodpc/.m2/repository/org/aspectj/aspectjweaver/1.9.22.1/aspectjweaver-1.9.22.1.jar:/Users/7maksacodpc/.m2/repository/org/springframework/boot/spring-boot-starter-jdbc/3.3.2/spring-boot-starter-jdbc-3.3.2.jar:/Users/7maksacodpc/.m2/repository/com/zaxxer/HikariCP/5.1.0/HikariCP-5.1.0.jar:/Users/7maksacodpc/.m2/repository/org/springframework/spring-jdbc/6.1.11/spring-jdbc-6.1.11.jar:/Users/7maksacodpc/.m2/repository/org/hibernate/orm/hibernate-core/6.5.2.Final/hibernate-core-6.5.2.Final.jar:/Users/7maksacodpc/.m2/repository/jakarta/persistence/jakarta.persistence-api/3.1.0/jakarta.persistence-api-3.1.0.jar:/Users/7maksacodpc/.m2/repository/jakarta/transaction/jakarta.transaction-api/2.0.1/jakarta.transaction-api-2.0.1.jar:/Users/7maksacodpc/.m2/repository/org/jboss/logging/jboss-logging/3.5.3.Final/jboss-logging-3.5.3.Final.jar:/Users/7maksacodpc/.m2/repository/org/hibernate/common/hibernate-commons-annotations/6.0.6.Final/hibernate-commons-annotations-6.0.6.Final.jar:/Users/7maksacodpc/.m2/repository/io/smallrye/jandex/3.1.2/jandex-3.1.2.jar:/Users/7maksacodpc/.m2/repository/com/fasterxml/classmate/1.7.0/classmate-1.7.0.jar:/Users/7maksacodpc/.m2/repository/org/glassfish/jaxb/jaxb-runtime/4.0.5/jaxb-runtime-4.0.5.jar:/Users/7maksacodpc/.m2/repository/org/glassfish/jaxb/jaxb-core/4.0.5/jaxb-core-4.0.5.jar:/Users/7maksacodpc/.m2/repository/org/glassfish/jaxb/txw2/4.0.5/txw2-4.0.5.jar:/Users/7maksacodpc/.m2/repository/com/sun/istack/istack-commons-runtime/4.1.2/istack-commons-runtime-4.1.2.jar:/Users/7maksacodpc/.m2
Launcher Type: SUN_STANDARD

[Global flags]
     intx CICompilerCount                          = 4                                         {product} {ergonomic}
     uint ConcGCThreads                            = 2                                         {product} {ergonomic}
     uint G1ConcRefinementThreads                  = 8                                         {product} {ergonomic}
   size_t G1HeapRegionSize                         = 2097152                                   {product} {ergonomic}
    uintx GCDrainStackTargetSize                   = 64                                        {product} {ergonomic}
   size_t InitialHeapSize                          = 268435456                                 {product} {ergonomic}
   size_t MarkStackSize                            = 4194304                                   {product} {ergonomic}
   size_t MaxHeapSize                              = 4294967296                                {product} {ergonomic}
   size_t MaxNewSize                               = 2575302656                                {product} {ergonomic}
   size_t MinHeapDeltaBytes                        = 2097152                                   {product} {ergonomic}
   size_t MinHeapSize                              = 8388608                                   {product} {ergonomic}
    uintx NonNMethodCodeHeapSize                   = 5839372                                {pd product} {ergonomic}
    uintx NonProfiledCodeHeapSize                  = 122909434                              {pd product} {ergonomic}
    uintx ProfiledCodeHeapSize                     = 122909434                              {pd product} {ergonomic}
    uintx ReservedCodeCacheSize                    = 251658240                              {pd product} {ergonomic}
     bool SegmentedCodeCache                       = true                                      {product} {ergonomic}
   size_t SoftMaxHeapSize                          = 4294967296                             {manageable} {ergonomic}
     bool UseCompressedClassPointers               = true                           {product lp64_product} {ergonomic}
     bool UseCompressedOops                        = true                           {product lp64_product} {ergonomic}
     bool UseG1GC                                  = true                                      {product} {ergonomic}
     bool UseNUMA                                  = false                                     {product} {ergonomic}
     bool UseNUMAInterleaving                      = false                                     {product} {ergonomic}

Logging:
Log output configuration:
 #0: stdout all=warning uptime,level,tags
 #1: stderr all=off uptime,level,tags

Environment Variables:
JAVA_HOME=/Library/Java/JavaVirtualMachines/jdk1.8.0_20.jdk/Contents/Home
PATH=/Users/7maksacodpc/.nvm/versions/node/v18.19.1/bin:/Users/7maksacodpc/.nvm/versions/node/v18.19.1/bin:/Users/7maksacodpc/.nvm/versions/node/v18.19.1/bin:/Users/7maksacodpc/Downloads/apache-maven-3.3.9/bin:/Library/Java/JavaVirtualMachines/jdk1.8.0_20.jdk/Contents/Home/bin:/Users/7maksacodpc/.npm-global/bin:/opt/homebrew/bin:/usr/local/bin:/usr/bin:/bin:/usr/sbin:/sbin:/usr/local/mysql/bin:/Applications/Visual Studio 
Code.app/Contents/Resources/app/bin:/Applications/Docker.app/Contents/Resources/bin
SHELL=/bin/zsh
LC_CTYPE=en_US.UTF-8
TMPDIR=/var/folders/kl/ryf321s17_g_y6jzj78vd1nw0000gn/T/

Active Locale:
LC_ALL=C/en_US.UTF-8/C/C/C/C
LC_COLLATE=C
LC_CTYPE=en_US.UTF-8
LC_MESSAGES=C
LC_MONETARY=C
LC_NUMERIC=C
LC_TIME=C

Signal Handlers:
   SIGSEGV: _ZL13crash_handleriP9__siginfoPv in libjvm.dylib, mask=11100110000111110111111111111111, flags=SA_RESTART|SA_SIGINFO, unblocked
    SIGBUS: _ZL13crash_handleriP9__siginfoPv in libjvm.dylib, mask=11100110000111110111111111111111, flags=SA_RESTART|SA_SIGINFO, unblocked
    SIGFPE: _ZL13crash_handleriP9__siginfoPv in libjvm.dylib, mask=11100110000111110111111111111111, flags=SA_RESTART|SA_SIGINFO, unblocked
   SIGPIPE: _ZL17javaSignalHandleriP9__siginfoPv in libjvm.dylib, mask=11100110000111110111111111111111, flags=SA_RESTART|SA_SIGINFO, blocked
   SIGXFSZ: _ZL17javaSignalHandleriP9__siginfoPv in libjvm.dylib, mask=11100110000111110111111111111111, flags=SA_RESTART|SA_SIGINFO, blocked
    SIGILL: _ZL13crash_handleriP9__siginfoPv in libjvm.dylib, mask=11100110000111110111111111111111, flags=SA_RESTART|SA_SIGINFO, unblocked
   SIGUSR2: _ZL10SR_handleriP9__siginfoP17__darwin_ucontext in libjvm.dylib, mask=00100000000000000000000000000000, flags=SA_RESTART|SA_SIGINFO, blocked
    SIGHUP: _ZL11UserHandleriPvS_ in libjvm.dylib, mask=11100110000111110111111111111111, flags=SA_RESTART|SA_SIGINFO, blocked
    SIGINT: _ZL11UserHandleriPvS_ in libjvm.dylib, mask=11100110000111110111111111111111, flags=SA_RESTART|SA_SIGINFO, blocked
   SIGTERM: _ZL11UserHandleriPvS_ in libjvm.dylib, mask=11100110000111110111111111111111, flags=SA_RESTART|SA_SIGINFO, blocked
   SIGQUIT: _ZL11UserHandleriPvS_ in libjvm.dylib, mask=11100110000111110111111111111111, flags=SA_RESTART|SA_SIGINFO, blocked
   SIGTRAP: _ZL13crash_handleriP9__siginfoPv in libjvm.dylib, mask=11100110000111110111111111111111, flags=SA_RESTART|SA_SIGINFO, unblocked


Periodic native trim disabled


---------------  S Y S T E M  ---------------

OS:
uname: Darwin 21.6.0 Darwin Kernel Version 21.6.0: Mon Jun 24 00:56:10 PDT 2024; root:xnu-8020.240.18.709.2~1/RELEASE_X86_64 x86_64
OS uptime: 2 days 19:37 hours
rlimit (soft/hard): STACK 8192k/65532k , CORE 0k/infinity , NPROC 2784/4176 , NOFILE 10240/infinity , AS infinity/infinity , CPU infinity/infinity , DATA infinity/infinity , FSIZE infinity/infinity , MEMLOCK infinity/infinity , RSS infinity/infinity
load average: 8.28 4.57 3.68

CPU: total 8 (initial active 8) (4 cores per cpu, 2 threads per core) family 6 model 70 stepping 1 microcode 0x1c, cx8, cmov, fxsr, ht, mmx, sse, sse2, sse3, ssse3, sse4.1, sse4.2, popcnt, lzcnt, tsc, tscinvbit, avx, avx2, aes, erms, clmul, bmi1, bmi2, fma, vzeroupper, clflush
machdep.cpu.brand_string:Intel(R) Core(TM) i7-4770HQ CPU @ 2.20GHz
hw.cpufrequency:2200000000
hw.cpufrequency_min:2200000000
hw.cpufrequency_max:2200000000
hw.cachelinesize:64
hw.l1icachesize:32768
hw.l1dcachesize:32768
hw.l2cachesize:262144
hw.l3cachesize:6291456

Memory: 4k page, physical 16777216k(153580k free), swap 3145728k(1460224k free)

vm_info: OpenJDK 64-Bit Server VM (17.0.12+7-LTS) for bsd-amd64 JRE (17.0.12+7-LTS), built on Jul 10 2024 20:44:45 by "ec2user" with clang Apple LLVM 14.0.0 (clang-1400.0.29.202)

END.
